******************************************************************************
                  TI ARM Linker PC v15.12.1                    
******************************************************************************
>> Linked Thu Apr 14 17:20:24 2016

OUTPUT FILE NAME:   <Stellaris_ReSCoS.out>
ENTRY POINT SYMBOL: "_c_int00"  address: 00000d39


MEMORY CONFIGURATION

         name            origin    length      used     unused   attr    fill
----------------------  --------  ---------  --------  --------  ----  --------
  FLASH                 00000000   00040000  000013a0  0003ec60  R  X
  SRAM                  20000000   00008000  000002ee  00007d12  RW X


SEGMENT ALLOCATION MAP

run origin  load origin   length   init length attrs members
----------  ----------- ---------- ----------- ----- -------
00000000    00000000    000013a4   000013a4    r-x
  00000000    00000000    0000026c   0000026c    r-- .intvecs
  0000026c    0000026c    00000f9e   00000f9e    r-x .text
  0000120c    0000120c    00000152   00000152    r-- .const
  00001360    00001360    00000044   00000044    r-- .cinit
20000000    20000000    000002f0   00000000    rw-
  20000000    20000000    00000200   00000000    rw- .stack
  20000200    20000200    000000c6   00000000    rw- .bss
  200002c8    200002c8    00000028   00000000    rw- .data


SECTION ALLOCATION MAP

 output                                  attributes/
section   page    origin      length       input sections
--------  ----  ----------  ----------   ----------------
.intvecs   0    00000000    0000026c     
                  00000000    0000026c     startup_ccs.obj (.intvecs)

.text      0    0000026c    00000f9e     
                  0000026c    00000216     uartstdio.obj (.text:UARTprintf)
                  00000482    00000002     startup_ccs.obj (.text:FaultISR)
                  00000484    000001d8     driverlib-cm4f.lib : sysctl.obj (.text:SysCtlClockGet)
                  0000065c    0000013c                        : sysctl.obj (.text:SysCtlClockSet)
                  00000798    000000cc     scheduler.obj (.text:vScheduler)
                  00000864    000000c8     driverlib-cm4f.lib : gpio.obj (.text:GPIOPadConfigSet)
                  0000092c    0000009c     rtsv7M4_T_le_v4SPD16_eabi.lib : memcpy_t2.obj (.text)
                  000009c8    0000007c     buttons.obj (.text:ButtonsPoll)
                  00000a44    0000007c     scheduler.obj (.text:tidCreateTask)
                  00000ac0    0000007a     rtsv7M4_T_le_v4SPD16_eabi.lib : memset_t2.obj (.text)
                  00000b3a    00000002     startup_ccs.obj (.text:IntDefaultHandler)
                  00000b3c    00000070     rtsv7M4_T_le_v4SPD16_eabi.lib : autoinit.obj (.text)
                  00000bac    0000006a                                   : copy_decompress_rle.obj (.text)
                  00000c16    00000002     startup_ccs.obj (.text:NmiSR)
                  00000c18    00000068     buttons.obj (.text:ButtonsInit)
                  00000c80    00000060     uartstdio.obj (.text:UARTStdioConfig)
                  00000ce0    00000058     driverlib-cm4f.lib : sysctl.obj (.text:SysCtlPeripheralEnable)
                  00000d38    00000054     rtsv7M4_T_le_v4SPD16_eabi.lib : boot.obj (.text)
                  00000d8c    00000054                                   : exit.obj (.text)
                  00000de0    00000050     main.obj (.text:main)
                  00000e30    00000050     main.obj (.text:vInitLED)
                  00000e80    0000004c     rtsv7M4_T_le_v4SPD16_eabi.lib : cpy_tbl.obj (.text)
                  00000ecc    0000004c     scheduler.obj (.text:vStartScheduler)
                  00000f18    00000048     driverlib-cm4f.lib : gpio.obj (.text:GPIOPinConfigure)
                  00000f60    00000048     uartstdio.obj (.text:UARTwrite)
                  00000fa8    00000040     rtsv7M4_T_le_v4SPD16_eabi.lib : u_divt2.obj (.text)
                  00000fe8    0000003c     main.obj (.text:vTaskButton)
                  00001024    00000038     main.obj (.text:InitConsole)
                  0000105c    00000038     main.obj (.text:init)
                  00001094    00000030     main.obj (.text:vTaskUARTReceive)
                  000010c4    0000002e     driverlib-cm4f.lib : gpio.obj (.text:GPIODirModeSet)
                  000010f2    00000002     rtsv7M4_T_le_v4SPD16_eabi.lib : i_div0.obj (.text)
                  000010f4    0000001c     scheduler.obj (.text:vScdlTick1ms)
                  00001110    00000018     rtsv7M4_T_le_v4SPD16_eabi.lib : args_main.obj (.text)
                  00001128    00000014     driverlib-cm4f.lib : systick.obj (.text:SysTickEnable)
                  0000113c    00000014                        : systick.obj (.text:SysTickIntEnable)
                  00001150    00000014     rtsv7M4_T_le_v4SPD16_eabi.lib : _lock.obj (.text)
                  00001164    00000012     driverlib-cm4f.lib : gpio.obj (.text:GPIOPinTypeUART)
                  00001176    00000002     rtsv7M4_T_le_v4SPD16_eabi.lib : mpu_init.obj (.text)
                  00001178    00000010     driverlib-cm4f.lib : systick.obj (.text:SysTickPeriodSet)
                  00001188    00000010     main.obj (.text:vTaskLED1)
                  00001198    00000010     main.obj (.text:vTaskLED2)
                  000011a8    00000010     main.obj (.text:vTaskLED3)
                  000011b8    0000000e     rtsv7M4_T_le_v4SPD16_eabi.lib : copy_decompress_none.obj (.text:decompress:none)
                  000011c6    0000000c     driverlib-cm4f.lib : cpu.obj (.text:CPUcpsie)
                  000011d2    0000000c                        : uart.obj (.text:UARTCharsAvail)
                  000011de    0000000a                        : interrupt.obj (.text:IntMasterEnable)
                  000011e8    0000000a                        : uart.obj (.text:UARTCharGet)
                  000011f2    00000006     startup_ccs.obj (.text:ResetISR)
                  000011f8    00000006     driverlib-cm4f.lib : sysctl.obj (.text:SysCtlDelay)
                  000011fe    00000006     rtsv7M4_T_le_v4SPD16_eabi.lib : copy_decompress_rle.obj (.text:decompress:rle24)
                  00001204    00000004                                   : pre_init.obj (.text)
                  00001208    00000002                                   : startup.obj (.text)

.const     0    0000120c    00000152     
                  0000120c    00000078     driverlib-cm4f.lib : gpio.obj (.const:g_pulGPIOBaseAddrs)
                  00001284    0000006c                        : sysctl.obj (.const:g_pulXtals)
                  000012f0    00000040                        : sysctl.obj (.const)
                  00001330    0000001c     uartstdio.obj (.const)
                  0000134c    00000012     uartstdio.obj (.const:.string)

.cinit     0    00001360    00000044     
                  00001360    0000001a     (.cinit..data.load) [load image, compression = rle]
                  0000137a    00000006     --HOLE-- [fill = 0]
                  00001380    00000009     (.cinit..bss.load) [load image, compression = rle]
                  00001389    00000003     --HOLE-- [fill = 0]
                  0000138c    00000008     (__TI_handler_table)
                  00001394    00000010     (__TI_cinit_table)

.init_array 
*          0    00000000    00000000     UNINITIALIZED

.stack     0    20000000    00000200     UNINITIALIZED
                  20000000    00000200     --HOLE--

.bss       0    20000200    000000c6     UNINITIALIZED
                  20000200    000000c4     scheduler.obj (.bss:tTaskList)
                  200002c4    00000001     (.common:delta$1)
                  200002c5    00000001     (.common:state$2)

.data      0    200002c8    00000028     UNINITIALIZED
                  200002c8    0000000c     rtsv7M4_T_le_v4SPD16_eabi.lib : exit.obj (.data:$O1$$)
                  200002d4    00000008                                   : _lock.obj (.data:$O1$$)
                  200002dc    00000005     scheduler.obj (.data)
                  200002e1    00000003     buttons.obj (.data)
                  200002e4    00000005     uartstdio.obj (.data)
                  200002e9    00000003     --HOLE--
                  200002ec    00000004     rtsv7M4_T_le_v4SPD16_eabi.lib : stkdepth_vars.obj (.data)

MODULE SUMMARY

       Module                     code   ro data   rw data
       ------                     ----   -------   -------
    .\src\
       scheduler.obj              432    0         201    
       startup_ccs.obj            12     620       0      
       main.obj                   428    0         2      
       buttons.obj                228    0         3      
    +--+--------------------------+------+---------+---------+
       Total:                     1100   620       206    
                                                          
    .\utils\
       uartstdio.obj              702    46        5      
    +--+--------------------------+------+---------+---------+
       Total:                     702    46        5      
                                                          
    C:/StellarisWare/boards/ek-lm4f120xl/hello/ccs/../../../../driverlib/ccs-cm4f/Debug/driverlib-cm4f.lib
       sysctl.obj                 882    172       0      
       gpio.obj                   336    120       0      
       systick.obj                56     0         0      
       uart.obj                   22     0         0      
       cpu.obj                    12     0         0      
       interrupt.obj              10     0         0      
    +--+--------------------------+------+---------+---------+
       Total:                     1318   292       0      
                                                          
    C:\Texas Instruments\ccsv6\ccsv6\tools\compiler\ti-cgt-arm_15.12.1.LTS\lib\rtsv7M4_T_le_v4SPD16_eabi.lib
       memcpy_t2.obj              156    0         0      
       memset_t2.obj              122    0         0      
       autoinit.obj               112    0         0      
       copy_decompress_rle.obj    112    0         0      
       exit.obj                   84     0         12     
       boot.obj                   84     0         0      
       cpy_tbl.obj                76     0         0      
       u_divt2.obj                64     0         0      
       _lock.obj                  20     0         8      
       args_main.obj              24     0         0      
       copy_decompress_none.obj   14     0         0      
       pre_init.obj               4      0         0      
       stkdepth_vars.obj          0      0         4      
       i_div0.obj                 2      0         0      
       mpu_init.obj               2      0         0      
       startup.obj                2      0         0      
    +--+--------------------------+------+---------+---------+
       Total:                     878    0         24     
                                                          
       Stack:                     0      0         512    
       Linker Generated:          0      59        0      
    +--+--------------------------+------+---------+---------+
       Grand Total:               3998   1017      747    


LINKER GENERATED COPY TABLES

__TI_cinit_table @ 00001394 records: 2, size/record: 8, table size: 16
	.data: load addr=00001360, load size=0000001a bytes, run addr=200002c8, run size=00000028 bytes, compression=rle
	.bss: load addr=00001380, load size=00000009 bytes, run addr=20000200, run size=000000c6 bytes, compression=rle


LINKER GENERATED HANDLER TABLE

__TI_handler_table @ 0000138c records: 2, size/record: 4, table size: 8
	index: 0, handler: __TI_decompress_rle24
	index: 1, handler: __TI_decompress_none


GLOBAL SYMBOLS: SORTED ALPHABETICALLY BY Name 

address   name                           
-------   ----                           
00000c19  ButtonsInit                    
000009c9  ButtonsPoll                    
00000d8d  C$$EXIT                        
000011c7  CPUcpsie                       
000010c5  GPIODirModeSet                 
00000865  GPIOPadConfigSet               
00000f19  GPIOPinConfigure               
00001165  GPIOPinTypeUART                
00001025  InitConsole                    
000011df  IntMasterEnable                
000011f3  ResetISR                       
UNDEFED   SHT$$INIT_ARRAY$$Base          
UNDEFED   SHT$$INIT_ARRAY$$Limit         
00000485  SysCtlClockGet                 
0000065d  SysCtlClockSet                 
000011f9  SysCtlDelay                    
00000ce1  SysCtlPeripheralEnable         
00001129  SysTickEnable                  
0000113d  SysTickIntEnable               
000010f5  SysTickIntHandler              
00001179  SysTickPeriodSet               
000011e9  UARTCharGet                    
000011d3  UARTCharsAvail                 
00000c81  UARTStdioConfig                
0000026d  UARTprintf                     
00000f61  UARTwrite                      
20000200  __STACK_END                    
00000200  __STACK_SIZE                   
20000200  __STACK_TOP                    
00001394  __TI_CINIT_Base                
000013a4  __TI_CINIT_Limit               
0000138c  __TI_Handler_Table_Base        
00001394  __TI_Handler_Table_Limit       
00000b3d  __TI_auto_init                 
200002c8  __TI_cleanup_ptr               
000011b9  __TI_decompress_none           
000011ff  __TI_decompress_rle24          
200002cc  __TI_dtors_ptr                 
200002d0  __TI_enable_exit_profile_output
ffffffff  __TI_pprof_out_hndl            
ffffffff  __TI_prof_data_size            
ffffffff  __TI_prof_data_start           
00000000  __TI_static_base__             
000010f3  __aeabi_idiv0                  
00000ac1  __aeabi_memclr                 
00000ac1  __aeabi_memclr4                
00000ac1  __aeabi_memclr8                
0000092d  __aeabi_memcpy                 
0000092d  __aeabi_memcpy4                
0000092d  __aeabi_memcpy8                
00000ac3  __aeabi_memset                 
00000ac3  __aeabi_memset4                
00000ac3  __aeabi_memset8                
00000fa9  __aeabi_uidiv                  
00000fa9  __aeabi_uidivmod               
ffffffff  __binit__                      
ffffffff  __c_args__                     
00001177  __mpu_init                     
20000000  __stack                        
00001111  _args_main                     
00000d39  _c_int00                       
200002d4  _lock                          
0000115f  _nop                           
00001157  _register_lock                 
00001151  _register_unlock               
00001209  _system_post_cinit             
00001205  _system_pre_init               
200002d8  _unlock                        
00000d91  abort                          
ffffffff  binit                          
00000e81  copy_in                        
00000d99  exit                           
00000000  g_pfnVectors                   
0000105d  init                           
00000de1  main                           
200002ec  main_func_sp                   
0000092d  memcpy                         
00000ac9  memset                         
20000200  tTaskList                      
00000a45  tidCreateTask                  
00000e31  vInitLED                       
000010f5  vScdlTick1ms                   
00000ecd  vStartScheduler                
00000fe9  vTaskButton                    
00001189  vTaskLED1                      
00001199  vTaskLED2                      
000011a9  vTaskLED3                      
00001095  vTaskUARTReceive               


GLOBAL SYMBOLS: SORTED BY Symbol Address 

address   name                           
-------   ----                           
00000000  __TI_static_base__             
00000000  g_pfnVectors                   
00000200  __STACK_SIZE                   
0000026d  UARTprintf                     
00000485  SysCtlClockGet                 
0000065d  SysCtlClockSet                 
00000865  GPIOPadConfigSet               
0000092d  __aeabi_memcpy                 
0000092d  __aeabi_memcpy4                
0000092d  __aeabi_memcpy8                
0000092d  memcpy                         
000009c9  ButtonsPoll                    
00000a45  tidCreateTask                  
00000ac1  __aeabi_memclr                 
00000ac1  __aeabi_memclr4                
00000ac1  __aeabi_memclr8                
00000ac3  __aeabi_memset                 
00000ac3  __aeabi_memset4                
00000ac3  __aeabi_memset8                
00000ac9  memset                         
00000b3d  __TI_auto_init                 
00000c19  ButtonsInit                    
00000c81  UARTStdioConfig                
00000ce1  SysCtlPeripheralEnable         
00000d39  _c_int00                       
00000d8d  C$$EXIT                        
00000d91  abort                          
00000d99  exit                           
00000de1  main                           
00000e31  vInitLED                       
00000e81  copy_in                        
00000ecd  vStartScheduler                
00000f19  GPIOPinConfigure               
00000f61  UARTwrite                      
00000fa9  __aeabi_uidiv                  
00000fa9  __aeabi_uidivmod               
00000fe9  vTaskButton                    
00001025  InitConsole                    
0000105d  init                           
00001095  vTaskUARTReceive               
000010c5  GPIODirModeSet                 
000010f3  __aeabi_idiv0                  
000010f5  SysTickIntHandler              
000010f5  vScdlTick1ms                   
00001111  _args_main                     
00001129  SysTickEnable                  
0000113d  SysTickIntEnable               
00001151  _register_unlock               
00001157  _register_lock                 
0000115f  _nop                           
00001165  GPIOPinTypeUART                
00001177  __mpu_init                     
00001179  SysTickPeriodSet               
00001189  vTaskLED1                      
00001199  vTaskLED2                      
000011a9  vTaskLED3                      
000011b9  __TI_decompress_none           
000011c7  CPUcpsie                       
000011d3  UARTCharsAvail                 
000011df  IntMasterEnable                
000011e9  UARTCharGet                    
000011f3  ResetISR                       
000011f9  SysCtlDelay                    
000011ff  __TI_decompress_rle24          
00001205  _system_pre_init               
00001209  _system_post_cinit             
0000138c  __TI_Handler_Table_Base        
00001394  __TI_CINIT_Base                
00001394  __TI_Handler_Table_Limit       
000013a4  __TI_CINIT_Limit               
20000000  __stack                        
20000200  __STACK_END                    
20000200  __STACK_TOP                    
20000200  tTaskList                      
200002c8  __TI_cleanup_ptr               
200002cc  __TI_dtors_ptr                 
200002d0  __TI_enable_exit_profile_output
200002d4  _lock                          
200002d8  _unlock                        
200002ec  main_func_sp                   
ffffffff  __TI_pprof_out_hndl            
ffffffff  __TI_prof_data_size            
ffffffff  __TI_prof_data_start           
ffffffff  __binit__                      
ffffffff  __c_args__                     
ffffffff  binit                          
UNDEFED   SHT$$INIT_ARRAY$$Base          
UNDEFED   SHT$$INIT_ARRAY$$Limit         

[88 symbols]
