<?xml version="1.0"?>
<link_info>
   <banner>TI ARM Linker PC v5.1.5</banner>
   <copyright>Copyright (c) 1996-2014 Texas Instruments Incorporated</copyright>
   <link_time>0x542c2d39</link_time>
   <link_errors>0x0</link_errors>
   <output_file>hello.out</output_file>
   <entry_point>
      <name>_c_int00</name>
      <address>0x94d</address>
   </entry_point>
   <input_file_list>
      <input_file id="fl-2">
         <path>.\utils\</path>
         <kind>object</kind>
         <file>uartstdio.obj</file>
         <name>uartstdio.obj</name>
      </input_file>
      <input_file id="fl-3">
         <path>.\</path>
         <kind>object</kind>
         <file>startup_ccs.obj</file>
         <name>startup_ccs.obj</name>
      </input_file>
      <input_file id="fl-4">
         <path>.\</path>
         <kind>object</kind>
         <file>hello.obj</file>
         <name>hello.obj</name>
      </input_file>
      <input_file id="fl-132">
         <path>C:\Texas Instruments\ccsv6\ccsv6\tools\compiler\arm_5.1.5\lib\</path>
         <kind>archive</kind>
         <file>rtsv7M4_T_le_v4SPD16_eabi.lib</file>
         <name>boot.obj</name>
      </input_file>
      <input_file id="fl-133">
         <path>C:\Texas Instruments\ccsv6\ccsv6\tools\compiler\arm_5.1.5\lib\</path>
         <kind>archive</kind>
         <file>rtsv7M4_T_le_v4SPD16_eabi.lib</file>
         <name>copy_decompress_none.obj</name>
      </input_file>
      <input_file id="fl-134">
         <path>C:\Texas Instruments\ccsv6\ccsv6\tools\compiler\arm_5.1.5\lib\</path>
         <kind>archive</kind>
         <file>rtsv7M4_T_le_v4SPD16_eabi.lib</file>
         <name>copy_decompress_rle.obj</name>
      </input_file>
      <input_file id="fl-135">
         <path>C:\Texas Instruments\ccsv6\ccsv6\tools\compiler\arm_5.1.5\lib\</path>
         <kind>archive</kind>
         <file>rtsv7M4_T_le_v4SPD16_eabi.lib</file>
         <name>copy_zero_init.obj</name>
      </input_file>
      <input_file id="fl-136">
         <path>C:\Texas Instruments\ccsv6\ccsv6\tools\compiler\arm_5.1.5\lib\</path>
         <kind>archive</kind>
         <file>rtsv7M4_T_le_v4SPD16_eabi.lib</file>
         <name>exit.obj</name>
      </input_file>
      <input_file id="fl-137">
         <path>C:\Texas Instruments\ccsv6\ccsv6\tools\compiler\arm_5.1.5\lib\</path>
         <kind>archive</kind>
         <file>rtsv7M4_T_le_v4SPD16_eabi.lib</file>
         <name>memcpy_t2.obj</name>
      </input_file>
      <input_file id="fl-138">
         <path>C:\Texas Instruments\ccsv6\ccsv6\tools\compiler\arm_5.1.5\lib\</path>
         <kind>archive</kind>
         <file>rtsv7M4_T_le_v4SPD16_eabi.lib</file>
         <name>stkdepth_vars.obj</name>
      </input_file>
      <input_file id="fl-139">
         <path>C:\Texas Instruments\ccsv6\ccsv6\tools\compiler\arm_5.1.5\lib\</path>
         <kind>archive</kind>
         <file>rtsv7M4_T_le_v4SPD16_eabi.lib</file>
         <name>u_divt2.obj</name>
      </input_file>
      <input_file id="fl-13a">
         <path>C:\Texas Instruments\ccsv6\ccsv6\tools\compiler\arm_5.1.5\lib\</path>
         <kind>archive</kind>
         <file>rtsv7M4_T_le_v4SPD16_eabi.lib</file>
         <name>_lock.obj</name>
      </input_file>
      <input_file id="fl-13b">
         <path>C:\Texas Instruments\ccsv6\ccsv6\tools\compiler\arm_5.1.5\lib\</path>
         <kind>archive</kind>
         <file>rtsv7M4_T_le_v4SPD16_eabi.lib</file>
         <name>args_main.obj</name>
      </input_file>
      <input_file id="fl-13c">
         <path>C:\Texas Instruments\ccsv6\ccsv6\tools\compiler\arm_5.1.5\lib\</path>
         <kind>archive</kind>
         <file>rtsv7M4_T_le_v4SPD16_eabi.lib</file>
         <name>auto_init.obj</name>
      </input_file>
      <input_file id="fl-13d">
         <path>C:\Texas Instruments\ccsv6\ccsv6\tools\compiler\arm_5.1.5\lib\</path>
         <kind>archive</kind>
         <file>rtsv7M4_T_le_v4SPD16_eabi.lib</file>
         <name>cpy_tbl.obj</name>
      </input_file>
      <input_file id="fl-13e">
         <path>C:\StellarisWare\boards\ek-lm4f120xl\hello\ccs\..\..\..\..\driverlib\ccs-cm4f\Debug\</path>
         <kind>archive</kind>
         <file>driverlib-cm4f.lib</file>
         <name>sysctl.obj</name>
      </input_file>
      <input_file id="fl-13f">
         <path>C:\StellarisWare\boards\ek-lm4f120xl\hello\ccs\..\..\..\..\driverlib\ccs-cm4f\Debug\</path>
         <kind>archive</kind>
         <file>driverlib-cm4f.lib</file>
         <name>interrupt.obj</name>
      </input_file>
      <input_file id="fl-140">
         <path>C:\StellarisWare\boards\ek-lm4f120xl\hello\ccs\..\..\..\..\driverlib\ccs-cm4f\Debug\</path>
         <kind>archive</kind>
         <file>driverlib-cm4f.lib</file>
         <name>gpio.obj</name>
      </input_file>
      <input_file id="fl-141">
         <path>C:\StellarisWare\boards\ek-lm4f120xl\hello\ccs\..\..\..\..\driverlib\ccs-cm4f\Debug\</path>
         <kind>archive</kind>
         <file>driverlib-cm4f.lib</file>
         <name>cpu.obj</name>
      </input_file>
   </input_file_list>
   <object_component_list>
      <object_component id="oc-e">
         <name>.intvecs</name>
         <load_address>0x0</load_address>
         <run_address>0x0</run_address>
         <size>0x26c</size>
         <input_file_ref idref="fl-3"/>
      </object_component>
      <object_component id="oc-a3">
         <name>.text:UARTprintf</name>
         <load_address>0x26c</load_address>
         <run_address>0x26c</run_address>
         <size>0x216</size>
         <input_file_ref idref="fl-2"/>
      </object_component>
      <object_component id="oc-2e">
         <name>.text:FaultISR</name>
         <load_address>0x482</load_address>
         <run_address>0x482</run_address>
         <size>0x2</size>
         <input_file_ref idref="fl-3"/>
      </object_component>
      <object_component id="oc-ac">
         <name>.text:SysCtlClockGet</name>
         <load_address>0x484</load_address>
         <run_address>0x484</run_address>
         <size>0x1d8</size>
         <input_file_ref idref="fl-13e"/>
      </object_component>
      <object_component id="oc-7b">
         <name>.text:main</name>
         <load_address>0x65c</load_address>
         <run_address>0x65c</run_address>
         <size>0xb8</size>
         <input_file_ref idref="fl-4"/>
      </object_component>
      <object_component id="oc-4c">
         <name>.text</name>
         <load_address>0x714</load_address>
         <run_address>0x714</run_address>
         <size>0x9c</size>
         <input_file_ref idref="fl-137"/>
      </object_component>
      <object_component id="oc-3b">
         <name>.text</name>
         <load_address>0x7b0</load_address>
         <run_address>0x7b0</run_address>
         <size>0x94</size>
         <input_file_ref idref="fl-13c"/>
      </object_component>
      <object_component id="oc-cc">
         <name>.text:UARTStdioConfig</name>
         <load_address>0x844</load_address>
         <run_address>0x844</run_address>
         <size>0x60</size>
         <input_file_ref idref="fl-2"/>
      </object_component>
      <object_component id="oc-5e">
         <name>.text</name>
         <load_address>0x8a4</load_address>
         <run_address>0x8a4</run_address>
         <size>0x5e</size>
         <input_file_ref idref="fl-134"/>
      </object_component>
      <object_component id="oc-33">
         <name>.text:IntDefaultHandler</name>
         <load_address>0x902</load_address>
         <run_address>0x902</run_address>
         <size>0x2</size>
         <input_file_ref idref="fl-3"/>
      </object_component>
      <object_component id="oc-d3">
         <name>.text:UARTwrite</name>
         <load_address>0x904</load_address>
         <run_address>0x904</run_address>
         <size>0x48</size>
         <input_file_ref idref="fl-2"/>
      </object_component>
      <object_component id="oc-10">
         <name>.text</name>
         <load_address>0x94c</load_address>
         <run_address>0x94c</run_address>
         <size>0x48</size>
         <input_file_ref idref="fl-132"/>
      </object_component>
      <object_component id="oc-75">
         <name>.text</name>
         <load_address>0x994</load_address>
         <run_address>0x994</run_address>
         <size>0x44</size>
         <input_file_ref idref="fl-13d"/>
      </object_component>
      <object_component id="oc-44">
         <name>.text</name>
         <load_address>0x9d8</load_address>
         <run_address>0x9d8</run_address>
         <size>0x44</size>
         <input_file_ref idref="fl-136"/>
      </object_component>
      <object_component id="oc-d8">
         <name>.text</name>
         <load_address>0xa1c</load_address>
         <run_address>0xa1c</run_address>
         <size>0x42</size>
         <input_file_ref idref="fl-139"/>
      </object_component>
      <object_component id="oc-29">
         <name>.text:NmiSR</name>
         <load_address>0xa5e</load_address>
         <run_address>0xa5e</run_address>
         <size>0x2</size>
         <input_file_ref idref="fl-3"/>
      </object_component>
      <object_component id="oc-9e">
         <name>.text:UARTStdioInit</name>
         <load_address>0xa60</load_address>
         <run_address>0xa60</run_address>
         <size>0x20</size>
         <input_file_ref idref="fl-2"/>
      </object_component>
      <object_component id="oc-3f">
         <name>.text</name>
         <load_address>0xa80</load_address>
         <run_address>0xa80</run_address>
         <size>0x18</size>
         <input_file_ref idref="fl-13b"/>
      </object_component>
      <object_component id="oc-b9">
         <name>.text</name>
         <load_address>0xa98</load_address>
         <run_address>0xa98</run_address>
         <size>0x14</size>
         <input_file_ref idref="fl-13a"/>
      </object_component>
      <object_component id="oc-14">
         <name>.text:decompress:none</name>
         <load_address>0xaac</load_address>
         <run_address>0xaac</run_address>
         <size>0xe</size>
         <input_file_ref idref="fl-133"/>
      </object_component>
      <object_component id="oc-a8">
         <name>.text:GPIOPinWrite</name>
         <load_address>0xaba</load_address>
         <run_address>0xaba</run_address>
         <size>0xa</size>
         <input_file_ref idref="fl-140"/>
      </object_component>
      <object_component id="oc-24">
         <name>.text:ResetISR</name>
         <load_address>0xac4</load_address>
         <run_address>0xac4</run_address>
         <size>0x6</size>
         <input_file_ref idref="fl-3"/>
      </object_component>
      <object_component id="oc-b0">
         <name>.text:SysCtlDelay</name>
         <load_address>0xaca</load_address>
         <run_address>0xaca</run_address>
         <size>0x6</size>
         <input_file_ref idref="fl-13e"/>
      </object_component>
      <object_component id="oc-1e">
         <name>.text:decompress:rle24</name>
         <load_address>0xad0</load_address>
         <run_address>0xad0</run_address>
         <size>0x6</size>
         <input_file_ref idref="fl-134"/>
      </object_component>
      <object_component id="oc-e3">
         <name>.const:g_pulXtals</name>
         <load_address>0xad8</load_address>
         <run_address>0xad8</run_address>
         <size>0x6c</size>
         <input_file_ref idref="fl-13e"/>
      </object_component>
      <object_component id="oc-e9">
         <name>.const</name>
         <load_address>0xb44</load_address>
         <run_address>0xb44</run_address>
         <size>0x1c</size>
         <input_file_ref idref="fl-2"/>
      </object_component>
      <object_component id="oc-fc">
         <name>.const:.string</name>
         <load_address>0xb60</load_address>
         <run_address>0xb60</run_address>
         <size>0x12</size>
         <input_file_ref idref="fl-2"/>
      </object_component>
      <object_component id="oc-121">
         <name>.cinit..data.load</name>
         <load_address>0xb78</load_address>
         <run_address>0xb78</run_address>
         <size>0xf</size>
      </object_component>
      <object_component id="oc-11f">
         <name>__TI_handler_table</name>
         <load_address>0xb88</load_address>
         <run_address>0xb88</run_address>
         <size>0x8</size>
      </object_component>
      <object_component id="oc-120">
         <name>__TI_cinit_table</name>
         <load_address>0xb90</load_address>
         <run_address>0xb90</run_address>
         <size>0x8</size>
      </object_component>
      <object_component id="oc-49">
         <name>.data</name>
         <load_address>0x20000218</load_address>
         <run_address>0x20000218</run_address>
         <size>0x4</size>
         <input_file_ref idref="fl-138"/>
      </object_component>
      <object_component id="oc-82">
         <name>.data</name>
         <load_address>0x20000200</load_address>
         <run_address>0x20000200</run_address>
         <size>0x8</size>
         <input_file_ref idref="fl-13a"/>
      </object_component>
      <object_component id="oc-84">
         <name>.data</name>
         <load_address>0x20000208</load_address>
         <run_address>0x20000208</run_address>
         <size>0x8</size>
         <input_file_ref idref="fl-136"/>
      </object_component>
      <object_component id="oc-eb">
         <name>.data</name>
         <load_address>0x20000210</load_address>
         <run_address>0x20000210</run_address>
         <size>0x5</size>
         <input_file_ref idref="fl-2"/>
      </object_component>
      <object_component id="oc-23">
         <name>.stack</name>
         <uninitialized>true</uninitialized>
         <run_address>0x20000000</run_address>
         <size>0x0</size>
         <input_file_ref idref="fl-132"/>
      </object_component>
      <object_component id="oc-122">
         <name>.stack</name>
         <uninitialized>true</uninitialized>
         <run_address>0x20000000</run_address>
         <size>0x0</size>
      </object_component>
      <object_component id="oc-f">
         <name>.debug_info</name>
         <load_address>0x0</load_address>
         <run_address>0x0</run_address>
         <size>0xde</size>
         <input_file_ref idref="fl-3"/>
      </object_component>
      <object_component id="oc-11">
         <name>.debug_info</name>
         <load_address>0xde</load_address>
         <run_address>0xde</run_address>
         <size>0xf3</size>
         <input_file_ref idref="fl-132"/>
      </object_component>
      <object_component id="oc-15">
         <name>.debug_info</name>
         <load_address>0x1d1</load_address>
         <run_address>0x1d1</run_address>
         <size>0x194</size>
         <input_file_ref idref="fl-133"/>
      </object_component>
      <object_component id="oc-20">
         <name>.debug_info</name>
         <load_address>0x365</load_address>
         <run_address>0x365</run_address>
         <size>0x18e</size>
         <input_file_ref idref="fl-134"/>
      </object_component>
      <object_component id="oc-25">
         <name>.debug_info</name>
         <load_address>0x4f3</load_address>
         <run_address>0x4f3</run_address>
         <size>0x10e</size>
         <input_file_ref idref="fl-3"/>
      </object_component>
      <object_component id="oc-2a">
         <name>.debug_info</name>
         <load_address>0x601</load_address>
         <run_address>0x601</run_address>
         <size>0xfc</size>
         <input_file_ref idref="fl-3"/>
      </object_component>
      <object_component id="oc-2f">
         <name>.debug_info</name>
         <load_address>0x6fd</load_address>
         <run_address>0x6fd</run_address>
         <size>0x105</size>
         <input_file_ref idref="fl-3"/>
      </object_component>
      <object_component id="oc-34">
         <name>.debug_info</name>
         <load_address>0x802</load_address>
         <run_address>0x802</run_address>
         <size>0x117</size>
         <input_file_ref idref="fl-3"/>
      </object_component>
      <object_component id="oc-3a">
         <name>.debug_info</name>
         <load_address>0x919</load_address>
         <run_address>0x919</run_address>
         <size>0xf9</size>
         <input_file_ref idref="fl-3"/>
      </object_component>
      <object_component id="oc-3c">
         <name>.debug_info</name>
         <load_address>0xa12</load_address>
         <run_address>0xa12</run_address>
         <size>0x13d</size>
         <input_file_ref idref="fl-13c"/>
      </object_component>
      <object_component id="oc-40">
         <name>.debug_info</name>
         <load_address>0xb4f</load_address>
         <run_address>0xb4f</run_address>
         <size>0x11c</size>
         <input_file_ref idref="fl-13b"/>
      </object_component>
      <object_component id="oc-46">
         <name>.debug_info</name>
         <load_address>0xc6b</load_address>
         <run_address>0xc6b</run_address>
         <size>0x1c2</size>
         <input_file_ref idref="fl-136"/>
      </object_component>
      <object_component id="oc-4a">
         <name>.debug_info</name>
         <load_address>0xe2d</load_address>
         <run_address>0xe2d</run_address>
         <size>0xbe</size>
         <input_file_ref idref="fl-138"/>
      </object_component>
      <object_component id="oc-4d">
         <name>.debug_info</name>
         <load_address>0xeeb</load_address>
         <run_address>0xeeb</run_address>
         <size>0xcc</size>
         <input_file_ref idref="fl-137"/>
      </object_component>
      <object_component id="oc-51">
         <name>.debug_info</name>
         <load_address>0xfb7</load_address>
         <run_address>0xfb7</run_address>
         <size>0x46</size>
         <input_file_ref idref="fl-133"/>
      </object_component>
      <object_component id="oc-56">
         <name>.debug_info</name>
         <load_address>0xffd</load_address>
         <run_address>0xffd</run_address>
         <size>0xf2</size>
         <input_file_ref idref="fl-133"/>
      </object_component>
      <object_component id="oc-60">
         <name>.debug_info</name>
         <load_address>0x10ef</load_address>
         <run_address>0x10ef</run_address>
         <size>0x1ef</size>
         <input_file_ref idref="fl-134"/>
      </object_component>
      <object_component id="oc-64">
         <name>.debug_info</name>
         <load_address>0x12de</load_address>
         <run_address>0x12de</run_address>
         <size>0xb7</size>
         <input_file_ref idref="fl-134"/>
      </object_component>
      <object_component id="oc-65">
         <name>.debug_info</name>
         <load_address>0x1395</load_address>
         <run_address>0x1395</run_address>
         <size>0x39</size>
         <input_file_ref idref="fl-134"/>
      </object_component>
      <object_component id="oc-70">
         <name>.debug_info</name>
         <load_address>0x13ce</load_address>
         <run_address>0x13ce</run_address>
         <size>0x84</size>
         <input_file_ref idref="fl-2"/>
      </object_component>
      <object_component id="oc-76">
         <name>.debug_info</name>
         <load_address>0x1452</load_address>
         <run_address>0x1452</run_address>
         <size>0x14b</size>
         <input_file_ref idref="fl-13d"/>
      </object_component>
      <object_component id="oc-7c">
         <name>.debug_info</name>
         <load_address>0x159d</load_address>
         <run_address>0x159d</run_address>
         <size>0x1c3</size>
         <input_file_ref idref="fl-4"/>
      </object_component>
      <object_component id="oc-81">
         <name>.debug_info</name>
         <load_address>0x1760</load_address>
         <run_address>0x1760</run_address>
         <size>0x11b</size>
         <input_file_ref idref="fl-13b"/>
      </object_component>
      <object_component id="oc-83">
         <name>.debug_info</name>
         <load_address>0x187b</load_address>
         <run_address>0x187b</run_address>
         <size>0xc8</size>
         <input_file_ref idref="fl-13a"/>
      </object_component>
      <object_component id="oc-85">
         <name>.debug_info</name>
         <load_address>0x1943</load_address>
         <run_address>0x1943</run_address>
         <size>0xeb</size>
         <input_file_ref idref="fl-136"/>
      </object_component>
      <object_component id="oc-87">
         <name>.debug_info</name>
         <load_address>0x1a2e</load_address>
         <run_address>0x1a2e</run_address>
         <size>0x146</size>
         <input_file_ref idref="fl-136"/>
      </object_component>
      <object_component id="oc-8b">
         <name>.debug_info</name>
         <load_address>0x1b74</load_address>
         <run_address>0x1b74</run_address>
         <size>0x2c</size>
         <input_file_ref idref="fl-133"/>
      </object_component>
      <object_component id="oc-92">
         <name>.debug_info</name>
         <load_address>0x1ba0</load_address>
         <run_address>0x1ba0</run_address>
         <size>0x2c</size>
         <input_file_ref idref="fl-135"/>
      </object_component>
      <object_component id="oc-9d">
         <name>.debug_info</name>
         <load_address>0x1bcc</load_address>
         <run_address>0x1bcc</run_address>
         <size>0x148</size>
         <input_file_ref idref="fl-13d"/>
      </object_component>
      <object_component id="oc-9f">
         <name>.debug_info</name>
         <load_address>0x1d14</load_address>
         <run_address>0x1d14</run_address>
         <size>0x1a4</size>
         <input_file_ref idref="fl-2"/>
      </object_component>
      <object_component id="oc-a4">
         <name>.debug_info</name>
         <load_address>0x1eb8</load_address>
         <run_address>0x1eb8</run_address>
         <size>0x28f</size>
         <input_file_ref idref="fl-2"/>
      </object_component>
      <object_component id="oc-ab">
         <name>.debug_info</name>
         <load_address>0x2147</load_address>
         <run_address>0x2147</run_address>
         <size>0x1f8</size>
         <input_file_ref idref="fl-140"/>
      </object_component>
      <object_component id="oc-ad">
         <name>.debug_info</name>
         <load_address>0x233f</load_address>
         <run_address>0x233f</run_address>
         <size>0x202</size>
         <input_file_ref idref="fl-13e"/>
      </object_component>
      <object_component id="oc-b4">
         <name>.debug_info</name>
         <load_address>0x2541</load_address>
         <run_address>0x2541</run_address>
         <size>0x5e</size>
         <input_file_ref idref="fl-13b"/>
      </object_component>
      <object_component id="oc-ba">
         <name>.debug_info</name>
         <load_address>0x259f</load_address>
         <run_address>0x259f</run_address>
         <size>0x1d4</size>
         <input_file_ref idref="fl-13a"/>
      </object_component>
      <object_component id="oc-c0">
         <name>.debug_info</name>
         <load_address>0x2773</load_address>
         <run_address>0x2773</run_address>
         <size>0xd9</size>
         <input_file_ref idref="fl-13a"/>
      </object_component>
      <object_component id="oc-c7">
         <name>.debug_info</name>
         <load_address>0x284c</load_address>
         <run_address>0x284c</run_address>
         <size>0xcd</size>
         <input_file_ref idref="fl-13d"/>
      </object_component>
      <object_component id="oc-cd">
         <name>.debug_info</name>
         <load_address>0x2919</load_address>
         <run_address>0x2919</run_address>
         <size>0x20b</size>
         <input_file_ref idref="fl-2"/>
      </object_component>
      <object_component id="oc-d2">
         <name>.debug_info</name>
         <load_address>0x2b24</load_address>
         <run_address>0x2b24</run_address>
         <size>0x109</size>
         <input_file_ref idref="fl-2"/>
      </object_component>
      <object_component id="oc-d4">
         <name>.debug_info</name>
         <load_address>0x2c2d</load_address>
         <run_address>0x2c2d</run_address>
         <size>0x1b8</size>
         <input_file_ref idref="fl-2"/>
      </object_component>
      <object_component id="oc-da">
         <name>.debug_info</name>
         <load_address>0x2de5</load_address>
         <run_address>0x2de5</run_address>
         <size>0x137</size>
         <input_file_ref idref="fl-139"/>
      </object_component>
      <object_component id="oc-de">
         <name>.debug_info</name>
         <load_address>0x2f1c</load_address>
         <run_address>0x2f1c</run_address>
         <size>0x84</size>
         <input_file_ref idref="fl-13e"/>
      </object_component>
      <object_component id="oc-e2">
         <name>.debug_info</name>
         <load_address>0x2fa0</load_address>
         <run_address>0x2fa0</run_address>
         <size>0x336</size>
         <input_file_ref idref="fl-140"/>
      </object_component>
      <object_component id="oc-e4">
         <name>.debug_info</name>
         <load_address>0x32d6</load_address>
         <run_address>0x32d6</run_address>
         <size>0x108</size>
         <input_file_ref idref="fl-13e"/>
      </object_component>
      <object_component id="oc-ea">
         <name>.debug_info</name>
         <load_address>0x33de</load_address>
         <run_address>0x33de</run_address>
         <size>0x139</size>
         <input_file_ref idref="fl-2"/>
      </object_component>
      <object_component id="oc-ec">
         <name>.debug_info</name>
         <load_address>0x3517</load_address>
         <run_address>0x3517</run_address>
         <size>0xe7</size>
         <input_file_ref idref="fl-2"/>
      </object_component>
      <object_component id="oc-ed">
         <name>.debug_info</name>
         <load_address>0x35fe</load_address>
         <run_address>0x35fe</run_address>
         <size>0x212</size>
         <input_file_ref idref="fl-2"/>
      </object_component>
      <object_component id="oc-f5">
         <name>.debug_info</name>
         <load_address>0x3810</load_address>
         <run_address>0x3810</run_address>
         <size>0x2c</size>
         <input_file_ref idref="fl-13e"/>
      </object_component>
      <object_component id="oc-fb">
         <name>.debug_info</name>
         <load_address>0x383c</load_address>
         <run_address>0x383c</run_address>
         <size>0x391</size>
         <input_file_ref idref="fl-13e"/>
      </object_component>
      <object_component id="oc-123">
         <name>.debug_info</name>
         <load_address>0x3bcd</load_address>
         <run_address>0x3bcd</run_address>
         <size>0xa5</size>
      </object_component>
      <object_component id="oc-12">
         <name>.debug_line</name>
         <load_address>0x0</load_address>
         <run_address>0x0</run_address>
         <size>0x4f</size>
         <input_file_ref idref="fl-132"/>
      </object_component>
      <object_component id="oc-16">
         <name>.debug_line</name>
         <load_address>0x4f</load_address>
         <run_address>0x4f</run_address>
         <size>0x55</size>
         <input_file_ref idref="fl-133"/>
      </object_component>
      <object_component id="oc-1f">
         <name>.debug_line</name>
         <load_address>0xa4</load_address>
         <run_address>0xa4</run_address>
         <size>0x4b</size>
         <input_file_ref idref="fl-134"/>
      </object_component>
      <object_component id="oc-26">
         <name>.debug_line</name>
         <load_address>0xef</load_address>
         <run_address>0xef</run_address>
         <size>0x46</size>
         <input_file_ref idref="fl-3"/>
      </object_component>
      <object_component id="oc-2b">
         <name>.debug_line</name>
         <load_address>0x135</load_address>
         <run_address>0x135</run_address>
         <size>0x49</size>
         <input_file_ref idref="fl-3"/>
      </object_component>
      <object_component id="oc-30">
         <name>.debug_line</name>
         <load_address>0x17e</load_address>
         <run_address>0x17e</run_address>
         <size>0x49</size>
         <input_file_ref idref="fl-3"/>
      </object_component>
      <object_component id="oc-35">
         <name>.debug_line</name>
         <load_address>0x1c7</load_address>
         <run_address>0x1c7</run_address>
         <size>0x49</size>
         <input_file_ref idref="fl-3"/>
      </object_component>
      <object_component id="oc-39">
         <name>.debug_line</name>
         <load_address>0x210</load_address>
         <run_address>0x210</run_address>
         <size>0x34</size>
         <input_file_ref idref="fl-3"/>
      </object_component>
      <object_component id="oc-3d">
         <name>.debug_line</name>
         <load_address>0x244</load_address>
         <run_address>0x244</run_address>
         <size>0x87</size>
         <input_file_ref idref="fl-13c"/>
      </object_component>
      <object_component id="oc-41">
         <name>.debug_line</name>
         <load_address>0x2cb</load_address>
         <run_address>0x2cb</run_address>
         <size>0x50</size>
         <input_file_ref idref="fl-13b"/>
      </object_component>
      <object_component id="oc-45">
         <name>.debug_line</name>
         <load_address>0x31b</load_address>
         <run_address>0x31b</run_address>
         <size>0x7a</size>
         <input_file_ref idref="fl-136"/>
      </object_component>
      <object_component id="oc-4e">
         <name>.debug_line</name>
         <load_address>0x395</load_address>
         <run_address>0x395</run_address>
         <size>0x88</size>
         <input_file_ref idref="fl-137"/>
      </object_component>
      <object_component id="oc-53">
         <name>.debug_line</name>
         <load_address>0x41d</load_address>
         <run_address>0x41d</run_address>
         <size>0x3a</size>
         <input_file_ref idref="fl-133"/>
      </object_component>
      <object_component id="oc-5f">
         <name>.debug_line</name>
         <load_address>0x457</load_address>
         <run_address>0x457</run_address>
         <size>0x8c</size>
         <input_file_ref idref="fl-134"/>
      </object_component>
      <object_component id="oc-67">
         <name>.debug_line</name>
         <load_address>0x4e3</load_address>
         <run_address>0x4e3</run_address>
         <size>0x39</size>
         <input_file_ref idref="fl-134"/>
      </object_component>
      <object_component id="oc-6f">
         <name>.debug_line</name>
         <load_address>0x51c</load_address>
         <run_address>0x51c</run_address>
         <size>0x34</size>
         <input_file_ref idref="fl-3"/>
      </object_component>
      <object_component id="oc-72">
         <name>.debug_line</name>
         <load_address>0x550</load_address>
         <run_address>0x550</run_address>
         <size>0x20</size>
         <input_file_ref idref="fl-2"/>
      </object_component>
      <object_component id="oc-77">
         <name>.debug_line</name>
         <load_address>0x570</load_address>
         <run_address>0x570</run_address>
         <size>0x6d</size>
         <input_file_ref idref="fl-13d"/>
      </object_component>
      <object_component id="oc-7d">
         <name>.debug_line</name>
         <load_address>0x5dd</load_address>
         <run_address>0x5dd</run_address>
         <size>0x7e</size>
         <input_file_ref idref="fl-4"/>
      </object_component>
      <object_component id="oc-89">
         <name>.debug_line</name>
         <load_address>0x65b</load_address>
         <run_address>0x65b</run_address>
         <size>0x33</size>
         <input_file_ref idref="fl-138"/>
      </object_component>
      <object_component id="oc-8d">
         <name>.debug_line</name>
         <load_address>0x68e</load_address>
         <run_address>0x68e</run_address>
         <size>0x44</size>
         <input_file_ref idref="fl-133"/>
      </object_component>
      <object_component id="oc-91">
         <name>.debug_line</name>
         <load_address>0x6d2</load_address>
         <run_address>0x6d2</run_address>
         <size>0x20</size>
         <input_file_ref idref="fl-133"/>
      </object_component>
      <object_component id="oc-94">
         <name>.debug_line</name>
         <load_address>0x6f2</load_address>
         <run_address>0x6f2</run_address>
         <size>0x44</size>
         <input_file_ref idref="fl-135"/>
      </object_component>
      <object_component id="oc-9b">
         <name>.debug_line</name>
         <load_address>0x736</load_address>
         <run_address>0x736</run_address>
         <size>0x20</size>
         <input_file_ref idref="fl-134"/>
      </object_component>
      <object_component id="oc-a0">
         <name>.debug_line</name>
         <load_address>0x756</load_address>
         <run_address>0x756</run_address>
         <size>0x5b</size>
         <input_file_ref idref="fl-2"/>
      </object_component>
      <object_component id="oc-a5">
         <name>.debug_line</name>
         <load_address>0x7b1</load_address>
         <run_address>0x7b1</run_address>
         <size>0x175</size>
         <input_file_ref idref="fl-2"/>
      </object_component>
      <object_component id="oc-aa">
         <name>.debug_line</name>
         <load_address>0x926</load_address>
         <run_address>0x926</run_address>
         <size>0x69</size>
         <input_file_ref idref="fl-140"/>
      </object_component>
      <object_component id="oc-ae">
         <name>.debug_line</name>
         <load_address>0x98f</load_address>
         <run_address>0x98f</run_address>
         <size>0x116</size>
         <input_file_ref idref="fl-13e"/>
      </object_component>
      <object_component id="oc-b3">
         <name>.debug_line</name>
         <load_address>0xaa5</load_address>
         <run_address>0xaa5</run_address>
         <size>0x2b</size>
         <input_file_ref idref="fl-13b"/>
      </object_component>
      <object_component id="oc-b6">
         <name>.debug_line</name>
         <load_address>0xad0</load_address>
         <run_address>0xad0</run_address>
         <size>0x2b</size>
         <input_file_ref idref="fl-13b"/>
      </object_component>
      <object_component id="oc-bb">
         <name>.debug_line</name>
         <load_address>0xafb</load_address>
         <run_address>0xafb</run_address>
         <size>0x66</size>
         <input_file_ref idref="fl-13a"/>
      </object_component>
      <object_component id="oc-bf">
         <name>.debug_line</name>
         <load_address>0xb61</load_address>
         <run_address>0xb61</run_address>
         <size>0x2b</size>
         <input_file_ref idref="fl-13a"/>
      </object_component>
      <object_component id="oc-c2">
         <name>.debug_line</name>
         <load_address>0xb8c</load_address>
         <run_address>0xb8c</run_address>
         <size>0x2a</size>
         <input_file_ref idref="fl-136"/>
      </object_component>
      <object_component id="oc-c4">
         <name>.debug_line</name>
         <load_address>0xbb6</load_address>
         <run_address>0xbb6</run_address>
         <size>0x43</size>
         <input_file_ref idref="fl-136"/>
      </object_component>
      <object_component id="oc-c6">
         <name>.debug_line</name>
         <load_address>0xbf9</load_address>
         <run_address>0xbf9</run_address>
         <size>0x51</size>
         <input_file_ref idref="fl-13d"/>
      </object_component>
      <object_component id="oc-c9">
         <name>.debug_line</name>
         <load_address>0xc4a</load_address>
         <run_address>0xc4a</run_address>
         <size>0x45</size>
         <input_file_ref idref="fl-13d"/>
      </object_component>
      <object_component id="oc-ce">
         <name>.debug_line</name>
         <load_address>0xc8f</load_address>
         <run_address>0xc8f</run_address>
         <size>0x6f</size>
         <input_file_ref idref="fl-2"/>
      </object_component>
      <object_component id="oc-d5">
         <name>.debug_line</name>
         <load_address>0xcfe</load_address>
         <run_address>0xcfe</run_address>
         <size>0x76</size>
         <input_file_ref idref="fl-2"/>
      </object_component>
      <object_component id="oc-d9">
         <name>.debug_line</name>
         <load_address>0xd74</load_address>
         <run_address>0xd74</run_address>
         <size>0x69</size>
         <input_file_ref idref="fl-139"/>
      </object_component>
      <object_component id="oc-e0">
         <name>.debug_line</name>
         <load_address>0xddd</load_address>
         <run_address>0xddd</run_address>
         <size>0x1d</size>
         <input_file_ref idref="fl-13e"/>
      </object_component>
      <object_component id="oc-e8">
         <name>.debug_line</name>
         <load_address>0xdfa</load_address>
         <run_address>0xdfa</run_address>
         <size>0x20</size>
         <input_file_ref idref="fl-13a"/>
      </object_component>
      <object_component id="oc-f0">
         <name>.debug_line</name>
         <load_address>0xe1a</load_address>
         <run_address>0xe1a</run_address>
         <size>0x20</size>
         <input_file_ref idref="fl-2"/>
      </object_component>
      <object_component id="oc-f4">
         <name>.debug_line</name>
         <load_address>0xe3a</load_address>
         <run_address>0xe3a</run_address>
         <size>0x58</size>
         <input_file_ref idref="fl-140"/>
      </object_component>
      <object_component id="oc-f7">
         <name>.debug_line</name>
         <load_address>0xe92</load_address>
         <run_address>0xe92</run_address>
         <size>0x51</size>
         <input_file_ref idref="fl-13e"/>
      </object_component>
      <object_component id="oc-fa">
         <name>.debug_line</name>
         <load_address>0xee3</load_address>
         <run_address>0xee3</run_address>
         <size>0x55</size>
         <input_file_ref idref="fl-13e"/>
      </object_component>
      <object_component id="oc-fe">
         <name>.debug_line</name>
         <load_address>0xf38</load_address>
         <run_address>0xf38</run_address>
         <size>0x46</size>
         <input_file_ref idref="fl-2"/>
      </object_component>
      <object_component id="oc-100">
         <name>.debug_line</name>
         <load_address>0xf7e</load_address>
         <run_address>0xf7e</run_address>
         <size>0x46</size>
         <input_file_ref idref="fl-2"/>
      </object_component>
      <object_component id="oc-102">
         <name>.debug_line</name>
         <load_address>0xfc4</load_address>
         <run_address>0xfc4</run_address>
         <size>0x9f</size>
         <input_file_ref idref="fl-2"/>
      </object_component>
      <object_component id="oc-104">
         <name>.debug_line</name>
         <load_address>0x1063</load_address>
         <run_address>0x1063</run_address>
         <size>0xc5</size>
         <input_file_ref idref="fl-13e"/>
      </object_component>
      <object_component id="oc-13">
         <name>.debug_aranges</name>
         <load_address>0x0</load_address>
         <run_address>0x0</run_address>
         <size>0x20</size>
         <input_file_ref idref="fl-132"/>
      </object_component>
      <object_component id="oc-18">
         <name>.debug_aranges</name>
         <load_address>0x20</load_address>
         <run_address>0x20</run_address>
         <size>0x20</size>
         <input_file_ref idref="fl-133"/>
      </object_component>
      <object_component id="oc-22">
         <name>.debug_aranges</name>
         <load_address>0x40</load_address>
         <run_address>0x40</run_address>
         <size>0x20</size>
         <input_file_ref idref="fl-134"/>
      </object_component>
      <object_component id="oc-28">
         <name>.debug_aranges</name>
         <load_address>0x60</load_address>
         <run_address>0x60</run_address>
         <size>0x20</size>
         <input_file_ref idref="fl-3"/>
      </object_component>
      <object_component id="oc-2d">
         <name>.debug_aranges</name>
         <load_address>0x80</load_address>
         <run_address>0x80</run_address>
         <size>0x20</size>
         <input_file_ref idref="fl-3"/>
      </object_component>
      <object_component id="oc-32">
         <name>.debug_aranges</name>
         <load_address>0xa0</load_address>
         <run_address>0xa0</run_address>
         <size>0x20</size>
         <input_file_ref idref="fl-3"/>
      </object_component>
      <object_component id="oc-37">
         <name>.debug_aranges</name>
         <load_address>0xc0</load_address>
         <run_address>0xc0</run_address>
         <size>0x20</size>
         <input_file_ref idref="fl-3"/>
      </object_component>
      <object_component id="oc-3e">
         <name>.debug_aranges</name>
         <load_address>0xe0</load_address>
         <run_address>0xe0</run_address>
         <size>0x28</size>
         <input_file_ref idref="fl-13c"/>
      </object_component>
      <object_component id="oc-43">
         <name>.debug_aranges</name>
         <load_address>0x108</load_address>
         <run_address>0x108</run_address>
         <size>0x20</size>
         <input_file_ref idref="fl-13b"/>
      </object_component>
      <object_component id="oc-48">
         <name>.debug_aranges</name>
         <load_address>0x128</load_address>
         <run_address>0x128</run_address>
         <size>0x30</size>
         <input_file_ref idref="fl-136"/>
      </object_component>
      <object_component id="oc-4f">
         <name>.debug_aranges</name>
         <load_address>0x158</load_address>
         <run_address>0x158</run_address>
         <size>0x20</size>
         <input_file_ref idref="fl-137"/>
      </object_component>
      <object_component id="oc-62">
         <name>.debug_aranges</name>
         <load_address>0x178</load_address>
         <run_address>0x178</run_address>
         <size>0x20</size>
         <input_file_ref idref="fl-134"/>
      </object_component>
      <object_component id="oc-79">
         <name>.debug_aranges</name>
         <load_address>0x198</load_address>
         <run_address>0x198</run_address>
         <size>0x20</size>
         <input_file_ref idref="fl-13d"/>
      </object_component>
      <object_component id="oc-7f">
         <name>.debug_aranges</name>
         <load_address>0x1b8</load_address>
         <run_address>0x1b8</run_address>
         <size>0x20</size>
         <input_file_ref idref="fl-4"/>
      </object_component>
      <object_component id="oc-a2">
         <name>.debug_aranges</name>
         <load_address>0x1d8</load_address>
         <run_address>0x1d8</run_address>
         <size>0x20</size>
         <input_file_ref idref="fl-2"/>
      </object_component>
      <object_component id="oc-a7">
         <name>.debug_aranges</name>
         <load_address>0x1f8</load_address>
         <run_address>0x1f8</run_address>
         <size>0x20</size>
         <input_file_ref idref="fl-2"/>
      </object_component>
      <object_component id="oc-bd">
         <name>.debug_aranges</name>
         <load_address>0x218</load_address>
         <run_address>0x218</run_address>
         <size>0x30</size>
         <input_file_ref idref="fl-13a"/>
      </object_component>
      <object_component id="oc-d0">
         <name>.debug_aranges</name>
         <load_address>0x248</load_address>
         <run_address>0x248</run_address>
         <size>0x20</size>
         <input_file_ref idref="fl-2"/>
      </object_component>
      <object_component id="oc-d7">
         <name>.debug_aranges</name>
         <load_address>0x268</load_address>
         <run_address>0x268</run_address>
         <size>0x20</size>
         <input_file_ref idref="fl-2"/>
      </object_component>
      <object_component id="oc-db">
         <name>.debug_aranges</name>
         <load_address>0x288</load_address>
         <run_address>0x288</run_address>
         <size>0x28</size>
         <input_file_ref idref="fl-139"/>
      </object_component>
      <object_component id="oc-17">
         <name>.debug_frame</name>
         <load_address>0x0</load_address>
         <run_address>0x0</run_address>
         <size>0x7f</size>
         <input_file_ref idref="fl-133"/>
      </object_component>
      <object_component id="oc-21">
         <name>.debug_frame</name>
         <load_address>0x7f</load_address>
         <run_address>0x7f</run_address>
         <size>0x7f</size>
         <input_file_ref idref="fl-134"/>
      </object_component>
      <object_component id="oc-27">
         <name>.debug_frame</name>
         <load_address>0xfe</load_address>
         <run_address>0xfe</run_address>
         <size>0x7f</size>
         <input_file_ref idref="fl-3"/>
      </object_component>
      <object_component id="oc-2c">
         <name>.debug_frame</name>
         <load_address>0x17d</load_address>
         <run_address>0x17d</run_address>
         <size>0x7f</size>
         <input_file_ref idref="fl-3"/>
      </object_component>
      <object_component id="oc-31">
         <name>.debug_frame</name>
         <load_address>0x1fc</load_address>
         <run_address>0x1fc</run_address>
         <size>0x7f</size>
         <input_file_ref idref="fl-3"/>
      </object_component>
      <object_component id="oc-36">
         <name>.debug_frame</name>
         <load_address>0x27b</load_address>
         <run_address>0x27b</run_address>
         <size>0x7f</size>
         <input_file_ref idref="fl-3"/>
      </object_component>
      <object_component id="oc-42">
         <name>.debug_frame</name>
         <load_address>0x2fa</load_address>
         <run_address>0x2fa</run_address>
         <size>0x7f</size>
         <input_file_ref idref="fl-13b"/>
      </object_component>
      <object_component id="oc-47">
         <name>.debug_frame</name>
         <load_address>0x379</load_address>
         <run_address>0x379</run_address>
         <size>0xb3</size>
         <input_file_ref idref="fl-136"/>
      </object_component>
      <object_component id="oc-61">
         <name>.debug_frame</name>
         <load_address>0x42c</load_address>
         <run_address>0x42c</run_address>
         <size>0x8a</size>
         <input_file_ref idref="fl-134"/>
      </object_component>
      <object_component id="oc-78">
         <name>.debug_frame</name>
         <load_address>0x4b6</load_address>
         <run_address>0x4b6</run_address>
         <size>0x8a</size>
         <input_file_ref idref="fl-13d"/>
      </object_component>
      <object_component id="oc-7e">
         <name>.debug_frame</name>
         <load_address>0x540</load_address>
         <run_address>0x540</run_address>
         <size>0x8b</size>
         <input_file_ref idref="fl-4"/>
      </object_component>
      <object_component id="oc-a1">
         <name>.debug_frame</name>
         <load_address>0x5cb</load_address>
         <run_address>0x5cb</run_address>
         <size>0x86</size>
         <input_file_ref idref="fl-2"/>
      </object_component>
      <object_component id="oc-a6">
         <name>.debug_frame</name>
         <load_address>0x651</load_address>
         <run_address>0x651</run_address>
         <size>0xb2</size>
         <input_file_ref idref="fl-2"/>
      </object_component>
      <object_component id="oc-a9">
         <name>.debug_frame</name>
         <load_address>0x703</load_address>
         <run_address>0x703</run_address>
         <size>0x8e</size>
         <input_file_ref idref="fl-140"/>
      </object_component>
      <object_component id="oc-af">
         <name>.debug_frame</name>
         <load_address>0x791</load_address>
         <run_address>0x791</run_address>
         <size>0x9f</size>
         <input_file_ref idref="fl-13e"/>
      </object_component>
      <object_component id="oc-bc">
         <name>.debug_frame</name>
         <load_address>0x830</load_address>
         <run_address>0x830</run_address>
         <size>0xa1</size>
         <input_file_ref idref="fl-13a"/>
      </object_component>
      <object_component id="oc-cf">
         <name>.debug_frame</name>
         <load_address>0x8d1</load_address>
         <run_address>0x8d1</run_address>
         <size>0x92</size>
         <input_file_ref idref="fl-2"/>
      </object_component>
      <object_component id="oc-d6">
         <name>.debug_frame</name>
         <load_address>0x963</load_address>
         <run_address>0x963</run_address>
         <size>0x8e</size>
         <input_file_ref idref="fl-2"/>
      </object_component>
      <object_component id="oc-38">
         <name>.debug_abbrev</name>
         <load_address>0x0</load_address>
         <run_address>0x0</run_address>
         <size>0x29</size>
         <input_file_ref idref="fl-3"/>
      </object_component>
      <object_component id="oc-4b">
         <name>.debug_abbrev</name>
         <load_address>0x29</load_address>
         <run_address>0x29</run_address>
         <size>0x3d</size>
         <input_file_ref idref="fl-132"/>
      </object_component>
      <object_component id="oc-50">
         <name>.debug_abbrev</name>
         <load_address>0x66</load_address>
         <run_address>0x66</run_address>
         <size>0x74</size>
         <input_file_ref idref="fl-133"/>
      </object_component>
      <object_component id="oc-52">
         <name>.debug_abbrev</name>
         <load_address>0xda</load_address>
         <run_address>0xda</run_address>
         <size>0x24</size>
         <input_file_ref idref="fl-133"/>
      </object_component>
      <object_component id="oc-63">
         <name>.debug_abbrev</name>
         <load_address>0xfe</load_address>
         <run_address>0xfe</run_address>
         <size>0x74</size>
         <input_file_ref idref="fl-134"/>
      </object_component>
      <object_component id="oc-66">
         <name>.debug_abbrev</name>
         <load_address>0x172</load_address>
         <run_address>0x172</run_address>
         <size>0x24</size>
         <input_file_ref idref="fl-134"/>
      </object_component>
      <object_component id="oc-6a">
         <name>.debug_abbrev</name>
         <load_address>0x196</load_address>
         <run_address>0x196</run_address>
         <size>0x50</size>
         <input_file_ref idref="fl-3"/>
      </object_component>
      <object_component id="oc-6b">
         <name>.debug_abbrev</name>
         <load_address>0x1e6</load_address>
         <run_address>0x1e6</run_address>
         <size>0x40</size>
         <input_file_ref idref="fl-3"/>
      </object_component>
      <object_component id="oc-6c">
         <name>.debug_abbrev</name>
         <load_address>0x226</load_address>
         <run_address>0x226</run_address>
         <size>0x40</size>
         <input_file_ref idref="fl-3"/>
      </object_component>
      <object_component id="oc-6d">
         <name>.debug_abbrev</name>
         <load_address>0x266</load_address>
         <run_address>0x266</run_address>
         <size>0x40</size>
         <input_file_ref idref="fl-3"/>
      </object_component>
      <object_component id="oc-6e">
         <name>.debug_abbrev</name>
         <load_address>0x2a6</load_address>
         <run_address>0x2a6</run_address>
         <size>0x5d</size>
         <input_file_ref idref="fl-3"/>
      </object_component>
      <object_component id="oc-71">
         <name>.debug_abbrev</name>
         <load_address>0x303</load_address>
         <run_address>0x303</run_address>
         <size>0x1f</size>
         <input_file_ref idref="fl-2"/>
      </object_component>
      <object_component id="oc-7a">
         <name>.debug_abbrev</name>
         <load_address>0x322</load_address>
         <run_address>0x322</run_address>
         <size>0x80</size>
         <input_file_ref idref="fl-13c"/>
      </object_component>
      <object_component id="oc-80">
         <name>.debug_abbrev</name>
         <load_address>0x3a2</load_address>
         <run_address>0x3a2</run_address>
         <size>0x68</size>
         <input_file_ref idref="fl-13b"/>
      </object_component>
      <object_component id="oc-86">
         <name>.debug_abbrev</name>
         <load_address>0x40a</load_address>
         <run_address>0x40a</run_address>
         <size>0xba</size>
         <input_file_ref idref="fl-136"/>
      </object_component>
      <object_component id="oc-88">
         <name>.debug_abbrev</name>
         <load_address>0x4c4</load_address>
         <run_address>0x4c4</run_address>
         <size>0x27</size>
         <input_file_ref idref="fl-138"/>
      </object_component>
      <object_component id="oc-8a">
         <name>.debug_abbrev</name>
         <load_address>0x4eb</load_address>
         <run_address>0x4eb</run_address>
         <size>0x3d</size>
         <input_file_ref idref="fl-137"/>
      </object_component>
      <object_component id="oc-8c">
         <name>.debug_abbrev</name>
         <load_address>0x528</load_address>
         <run_address>0x528</run_address>
         <size>0x24</size>
         <input_file_ref idref="fl-133"/>
      </object_component>
      <object_component id="oc-90">
         <name>.debug_abbrev</name>
         <load_address>0x54c</load_address>
         <run_address>0x54c</run_address>
         <size>0x4c</size>
         <input_file_ref idref="fl-133"/>
      </object_component>
      <object_component id="oc-93">
         <name>.debug_abbrev</name>
         <load_address>0x598</load_address>
         <run_address>0x598</run_address>
         <size>0x24</size>
         <input_file_ref idref="fl-135"/>
      </object_component>
      <object_component id="oc-99">
         <name>.debug_abbrev</name>
         <load_address>0x5bc</load_address>
         <run_address>0x5bc</run_address>
         <size>0x6d</size>
         <input_file_ref idref="fl-134"/>
      </object_component>
      <object_component id="oc-9a">
         <name>.debug_abbrev</name>
         <load_address>0x629</load_address>
         <run_address>0x629</run_address>
         <size>0x2c</size>
         <input_file_ref idref="fl-134"/>
      </object_component>
      <object_component id="oc-9c">
         <name>.debug_abbrev</name>
         <load_address>0x655</load_address>
         <run_address>0x655</run_address>
         <size>0x8c</size>
         <input_file_ref idref="fl-13d"/>
      </object_component>
      <object_component id="oc-b1">
         <name>.debug_abbrev</name>
         <load_address>0x6e1</load_address>
         <run_address>0x6e1</run_address>
         <size>0x63</size>
         <input_file_ref idref="fl-4"/>
      </object_component>
      <object_component id="oc-b2">
         <name>.debug_abbrev</name>
         <load_address>0x744</load_address>
         <run_address>0x744</run_address>
         <size>0x8e</size>
         <input_file_ref idref="fl-13b"/>
      </object_component>
      <object_component id="oc-b5">
         <name>.debug_abbrev</name>
         <load_address>0x7d2</load_address>
         <run_address>0x7d2</run_address>
         <size>0x49</size>
         <input_file_ref idref="fl-13b"/>
      </object_component>
      <object_component id="oc-be">
         <name>.debug_abbrev</name>
         <load_address>0x81b</load_address>
         <run_address>0x81b</run_address>
         <size>0x29</size>
         <input_file_ref idref="fl-13a"/>
      </object_component>
      <object_component id="oc-c1">
         <name>.debug_abbrev</name>
         <load_address>0x844</load_address>
         <run_address>0x844</run_address>
         <size>0x29</size>
         <input_file_ref idref="fl-136"/>
      </object_component>
      <object_component id="oc-c3">
         <name>.debug_abbrev</name>
         <load_address>0x86d</load_address>
         <run_address>0x86d</run_address>
         <size>0x6b</size>
         <input_file_ref idref="fl-136"/>
      </object_component>
      <object_component id="oc-c5">
         <name>.debug_abbrev</name>
         <load_address>0x8d8</load_address>
         <run_address>0x8d8</run_address>
         <size>0x8c</size>
         <input_file_ref idref="fl-13d"/>
      </object_component>
      <object_component id="oc-c8">
         <name>.debug_abbrev</name>
         <load_address>0x964</load_address>
         <run_address>0x964</run_address>
         <size>0x4b</size>
         <input_file_ref idref="fl-13d"/>
      </object_component>
      <object_component id="oc-d1">
         <name>.debug_abbrev</name>
         <load_address>0x9af</load_address>
         <run_address>0x9af</run_address>
         <size>0x89</size>
         <input_file_ref idref="fl-2"/>
      </object_component>
      <object_component id="oc-dc">
         <name>.debug_abbrev</name>
         <load_address>0xa38</load_address>
         <run_address>0xa38</run_address>
         <size>0x7f</size>
         <input_file_ref idref="fl-2"/>
      </object_component>
      <object_component id="oc-dd">
         <name>.debug_abbrev</name>
         <load_address>0xab7</load_address>
         <run_address>0xab7</run_address>
         <size>0x6a</size>
         <input_file_ref idref="fl-140"/>
      </object_component>
      <object_component id="oc-df">
         <name>.debug_abbrev</name>
         <load_address>0xb21</load_address>
         <run_address>0xb21</run_address>
         <size>0x1c</size>
         <input_file_ref idref="fl-13e"/>
      </object_component>
      <object_component id="oc-e5">
         <name>.debug_abbrev</name>
         <load_address>0xb3d</load_address>
         <run_address>0xb3d</run_address>
         <size>0x5e</size>
         <input_file_ref idref="fl-13e"/>
      </object_component>
      <object_component id="oc-e6">
         <name>.debug_abbrev</name>
         <load_address>0xb9b</load_address>
         <run_address>0xb9b</run_address>
         <size>0x6f</size>
         <input_file_ref idref="fl-13a"/>
      </object_component>
      <object_component id="oc-e7">
         <name>.debug_abbrev</name>
         <load_address>0xc0a</load_address>
         <run_address>0xc0a</run_address>
         <size>0x45</size>
         <input_file_ref idref="fl-13a"/>
      </object_component>
      <object_component id="oc-ee">
         <name>.debug_abbrev</name>
         <load_address>0xc4f</load_address>
         <run_address>0xc4f</run_address>
         <size>0x7b</size>
         <input_file_ref idref="fl-2"/>
      </object_component>
      <object_component id="oc-ef">
         <name>.debug_abbrev</name>
         <load_address>0xcca</load_address>
         <run_address>0xcca</run_address>
         <size>0x54</size>
         <input_file_ref idref="fl-2"/>
      </object_component>
      <object_component id="oc-f1">
         <name>.debug_abbrev</name>
         <load_address>0xd1e</load_address>
         <run_address>0xd1e</run_address>
         <size>0x7d</size>
         <input_file_ref idref="fl-2"/>
      </object_component>
      <object_component id="oc-f2">
         <name>.debug_abbrev</name>
         <load_address>0xd9b</load_address>
         <run_address>0xd9b</run_address>
         <size>0x6f</size>
         <input_file_ref idref="fl-139"/>
      </object_component>
      <object_component id="oc-f3">
         <name>.debug_abbrev</name>
         <load_address>0xe0a</load_address>
         <run_address>0xe0a</run_address>
         <size>0x80</size>
         <input_file_ref idref="fl-140"/>
      </object_component>
      <object_component id="oc-f6">
         <name>.debug_abbrev</name>
         <load_address>0xe8a</load_address>
         <run_address>0xe8a</run_address>
         <size>0x24</size>
         <input_file_ref idref="fl-13e"/>
      </object_component>
      <object_component id="oc-f9">
         <name>.debug_abbrev</name>
         <load_address>0xeae</load_address>
         <run_address>0xeae</run_address>
         <size>0x2b</size>
         <input_file_ref idref="fl-13e"/>
      </object_component>
      <object_component id="oc-fd">
         <name>.debug_abbrev</name>
         <load_address>0xed9</load_address>
         <run_address>0xed9</run_address>
         <size>0x27</size>
         <input_file_ref idref="fl-2"/>
      </object_component>
      <object_component id="oc-ff">
         <name>.debug_abbrev</name>
         <load_address>0xf00</load_address>
         <run_address>0xf00</run_address>
         <size>0x27</size>
         <input_file_ref idref="fl-2"/>
      </object_component>
      <object_component id="oc-101">
         <name>.debug_abbrev</name>
         <load_address>0xf27</load_address>
         <run_address>0xf27</run_address>
         <size>0x8b</size>
         <input_file_ref idref="fl-2"/>
      </object_component>
      <object_component id="oc-103">
         <name>.debug_abbrev</name>
         <load_address>0xfb2</load_address>
         <run_address>0xfb2</run_address>
         <size>0xaa</size>
         <input_file_ref idref="fl-13e"/>
      </object_component>
      <object_component id="oc-124">
         <name>.debug_abbrev</name>
         <load_address>0x105c</load_address>
         <run_address>0x105c</run_address>
         <size>0xf</size>
      </object_component>
      <object_component id="oc-54">
         <name>.debug_str</name>
         <load_address>0x0</load_address>
         <run_address>0x0</run_address>
         <size>0xb5</size>
         <input_file_ref idref="fl-133"/>
      </object_component>
      <object_component id="oc-68">
         <name>.debug_str</name>
         <load_address>0xb5</load_address>
         <run_address>0xb5</run_address>
         <size>0xa7</size>
         <input_file_ref idref="fl-134"/>
      </object_component>
      <object_component id="oc-73">
         <name>.debug_str</name>
         <load_address>0x15c</load_address>
         <run_address>0x15c</run_address>
         <size>0xf5</size>
         <input_file_ref idref="fl-2"/>
      </object_component>
      <object_component id="oc-8e">
         <name>.debug_str</name>
         <load_address>0x251</load_address>
         <run_address>0x251</run_address>
         <size>0x9c</size>
         <input_file_ref idref="fl-133"/>
      </object_component>
      <object_component id="oc-95">
         <name>.debug_str</name>
         <load_address>0x2ed</load_address>
         <run_address>0x2ed</run_address>
         <size>0x9c</size>
         <input_file_ref idref="fl-135"/>
      </object_component>
      <object_component id="oc-b7">
         <name>.debug_str</name>
         <load_address>0x389</load_address>
         <run_address>0x389</run_address>
         <size>0x8b</size>
         <input_file_ref idref="fl-13b"/>
      </object_component>
      <object_component id="oc-ca">
         <name>.debug_str</name>
         <load_address>0x414</load_address>
         <run_address>0x414</run_address>
         <size>0xf3</size>
         <input_file_ref idref="fl-13d"/>
      </object_component>
      <object_component id="oc-e1">
         <name>.debug_str</name>
         <load_address>0x507</load_address>
         <run_address>0x507</run_address>
         <size>0x12b</size>
         <input_file_ref idref="fl-13e"/>
      </object_component>
      <object_component id="oc-f8">
         <name>.debug_str</name>
         <load_address>0x632</load_address>
         <run_address>0x632</run_address>
         <size>0xcf</size>
         <input_file_ref idref="fl-13e"/>
      </object_component>
      <object_component id="oc-55">
         <name>.debug_pubtypes</name>
         <load_address>0x0</load_address>
         <run_address>0x0</run_address>
         <size>0x48</size>
         <input_file_ref idref="fl-133"/>
      </object_component>
      <object_component id="oc-69">
         <name>.debug_pubtypes</name>
         <load_address>0x48</load_address>
         <run_address>0x48</run_address>
         <size>0x37</size>
         <input_file_ref idref="fl-134"/>
      </object_component>
      <object_component id="oc-74">
         <name>.debug_pubtypes</name>
         <load_address>0x7f</load_address>
         <run_address>0x7f</run_address>
         <size>0xed</size>
         <input_file_ref idref="fl-2"/>
      </object_component>
      <object_component id="oc-8f">
         <name>.debug_pubtypes</name>
         <load_address>0x16c</load_address>
         <run_address>0x16c</run_address>
         <size>0x1d</size>
         <input_file_ref idref="fl-133"/>
      </object_component>
      <object_component id="oc-96">
         <name>.debug_pubtypes</name>
         <load_address>0x189</load_address>
         <run_address>0x189</run_address>
         <size>0x1d</size>
         <input_file_ref idref="fl-135"/>
      </object_component>
      <object_component id="oc-b8">
         <name>.debug_pubtypes</name>
         <load_address>0x1a6</load_address>
         <run_address>0x1a6</run_address>
         <size>0x1b</size>
         <input_file_ref idref="fl-13b"/>
      </object_component>
      <object_component id="oc-cb">
         <name>.debug_pubtypes</name>
         <load_address>0x1c1</load_address>
         <run_address>0x1c1</run_address>
         <size>0x50</size>
         <input_file_ref idref="fl-13d"/>
      </object_component>
   </object_component_list>
   <logical_group_list>
      <logical_group id="lg-3" display="no" color="cyan">
         <name>.intvecs</name>
         <load_address>0x0</load_address>
         <run_address>0x0</run_address>
         <size>0x26c</size>
         <contents>
            <object_component_ref idref="oc-e"/>
         </contents>
      </logical_group>
      <logical_group id="lg-4" display="no" color="cyan">
         <name>.text</name>
         <load_address>0x26c</load_address>
         <run_address>0x26c</run_address>
         <size>0x86a</size>
         <contents>
            <object_component_ref idref="oc-a3"/>
            <object_component_ref idref="oc-2e"/>
            <object_component_ref idref="oc-ac"/>
            <object_component_ref idref="oc-7b"/>
            <object_component_ref idref="oc-4c"/>
            <object_component_ref idref="oc-3b"/>
            <object_component_ref idref="oc-cc"/>
            <object_component_ref idref="oc-5e"/>
            <object_component_ref idref="oc-33"/>
            <object_component_ref idref="oc-d3"/>
            <object_component_ref idref="oc-10"/>
            <object_component_ref idref="oc-75"/>
            <object_component_ref idref="oc-44"/>
            <object_component_ref idref="oc-d8"/>
            <object_component_ref idref="oc-29"/>
            <object_component_ref idref="oc-9e"/>
            <object_component_ref idref="oc-3f"/>
            <object_component_ref idref="oc-b9"/>
            <object_component_ref idref="oc-14"/>
            <object_component_ref idref="oc-a8"/>
            <object_component_ref idref="oc-24"/>
            <object_component_ref idref="oc-b0"/>
            <object_component_ref idref="oc-1e"/>
         </contents>
      </logical_group>
      <logical_group id="lg-5" display="no" color="cyan">
         <name>.const</name>
         <load_address>0xad8</load_address>
         <run_address>0xad8</run_address>
         <size>0x9a</size>
         <contents>
            <object_component_ref idref="oc-e3"/>
            <object_component_ref idref="oc-e9"/>
            <object_component_ref idref="oc-fc"/>
         </contents>
      </logical_group>
      <logical_group id="lg-6" display="no" color="cyan">
         <name>.cinit</name>
         <load_address>0xb78</load_address>
         <run_address>0xb78</run_address>
         <size>0x20</size>
         <contents>
            <object_component_ref idref="oc-121"/>
            <object_component_ref idref="oc-11f"/>
            <object_component_ref idref="oc-120"/>
         </contents>
      </logical_group>
      <logical_group id="lg-7" display="no" color="cyan">
         <name>.pinit</name>
         <run_address>0x0</run_address>
         <size>0x0</size>
         <contents>
         </contents>
      </logical_group>
      <logical_group id="lg-8" display="no" color="cyan">
         <name>.init_array</name>
         <run_address>0x0</run_address>
         <size>0x0</size>
         <contents>
         </contents>
      </logical_group>
      <logical_group id="lg-9" display="no" color="cyan">
         <name>.vtable</name>
         <run_address>0x0</run_address>
         <size>0x0</size>
         <contents>
         </contents>
      </logical_group>
      <logical_group id="lg-a" display="no" color="cyan">
         <name>.data</name>
         <run_address>0x20000200</run_address>
         <size>0x1c</size>
         <contents>
            <object_component_ref idref="oc-49"/>
            <object_component_ref idref="oc-82"/>
            <object_component_ref idref="oc-84"/>
            <object_component_ref idref="oc-eb"/>
         </contents>
      </logical_group>
      <logical_group id="lg-b" display="no" color="cyan">
         <name>.bss</name>
         <run_address>0x0</run_address>
         <size>0x0</size>
         <contents>
         </contents>
      </logical_group>
      <logical_group id="lg-c" display="no" color="cyan">
         <name>.sysmem</name>
         <run_address>0x0</run_address>
         <size>0x0</size>
         <contents>
         </contents>
      </logical_group>
      <logical_group id="lg-d" display="no" color="cyan">
         <name>.stack</name>
         <run_address>0x20000000</run_address>
         <size>0x200</size>
         <contents>
            <object_component_ref idref="oc-23"/>
            <object_component_ref idref="oc-122"/>
         </contents>
      </logical_group>
      <logical_group id="lg-111" display="never" color="cyan">
         <name>.debug_info</name>
         <load_address>0x0</load_address>
         <run_address>0x0</run_address>
         <size>0x3c72</size>
         <contents>
            <object_component_ref idref="oc-f"/>
            <object_component_ref idref="oc-11"/>
            <object_component_ref idref="oc-15"/>
            <object_component_ref idref="oc-20"/>
            <object_component_ref idref="oc-25"/>
            <object_component_ref idref="oc-2a"/>
            <object_component_ref idref="oc-2f"/>
            <object_component_ref idref="oc-34"/>
            <object_component_ref idref="oc-3a"/>
            <object_component_ref idref="oc-3c"/>
            <object_component_ref idref="oc-40"/>
            <object_component_ref idref="oc-46"/>
            <object_component_ref idref="oc-4a"/>
            <object_component_ref idref="oc-4d"/>
            <object_component_ref idref="oc-51"/>
            <object_component_ref idref="oc-56"/>
            <object_component_ref idref="oc-60"/>
            <object_component_ref idref="oc-64"/>
            <object_component_ref idref="oc-65"/>
            <object_component_ref idref="oc-70"/>
            <object_component_ref idref="oc-76"/>
            <object_component_ref idref="oc-7c"/>
            <object_component_ref idref="oc-81"/>
            <object_component_ref idref="oc-83"/>
            <object_component_ref idref="oc-85"/>
            <object_component_ref idref="oc-87"/>
            <object_component_ref idref="oc-8b"/>
            <object_component_ref idref="oc-92"/>
            <object_component_ref idref="oc-9d"/>
            <object_component_ref idref="oc-9f"/>
            <object_component_ref idref="oc-a4"/>
            <object_component_ref idref="oc-ab"/>
            <object_component_ref idref="oc-ad"/>
            <object_component_ref idref="oc-b4"/>
            <object_component_ref idref="oc-ba"/>
            <object_component_ref idref="oc-c0"/>
            <object_component_ref idref="oc-c7"/>
            <object_component_ref idref="oc-cd"/>
            <object_component_ref idref="oc-d2"/>
            <object_component_ref idref="oc-d4"/>
            <object_component_ref idref="oc-da"/>
            <object_component_ref idref="oc-de"/>
            <object_component_ref idref="oc-e2"/>
            <object_component_ref idref="oc-e4"/>
            <object_component_ref idref="oc-ea"/>
            <object_component_ref idref="oc-ec"/>
            <object_component_ref idref="oc-ed"/>
            <object_component_ref idref="oc-f5"/>
            <object_component_ref idref="oc-fb"/>
            <object_component_ref idref="oc-123"/>
         </contents>
      </logical_group>
      <logical_group id="lg-113" display="never" color="cyan">
         <name>.debug_line</name>
         <load_address>0x0</load_address>
         <run_address>0x0</run_address>
         <size>0x1128</size>
         <contents>
            <object_component_ref idref="oc-12"/>
            <object_component_ref idref="oc-16"/>
            <object_component_ref idref="oc-1f"/>
            <object_component_ref idref="oc-26"/>
            <object_component_ref idref="oc-2b"/>
            <object_component_ref idref="oc-30"/>
            <object_component_ref idref="oc-35"/>
            <object_component_ref idref="oc-39"/>
            <object_component_ref idref="oc-3d"/>
            <object_component_ref idref="oc-41"/>
            <object_component_ref idref="oc-45"/>
            <object_component_ref idref="oc-4e"/>
            <object_component_ref idref="oc-53"/>
            <object_component_ref idref="oc-5f"/>
            <object_component_ref idref="oc-67"/>
            <object_component_ref idref="oc-6f"/>
            <object_component_ref idref="oc-72"/>
            <object_component_ref idref="oc-77"/>
            <object_component_ref idref="oc-7d"/>
            <object_component_ref idref="oc-89"/>
            <object_component_ref idref="oc-8d"/>
            <object_component_ref idref="oc-91"/>
            <object_component_ref idref="oc-94"/>
            <object_component_ref idref="oc-9b"/>
            <object_component_ref idref="oc-a0"/>
            <object_component_ref idref="oc-a5"/>
            <object_component_ref idref="oc-aa"/>
            <object_component_ref idref="oc-ae"/>
            <object_component_ref idref="oc-b3"/>
            <object_component_ref idref="oc-b6"/>
            <object_component_ref idref="oc-bb"/>
            <object_component_ref idref="oc-bf"/>
            <object_component_ref idref="oc-c2"/>
            <object_component_ref idref="oc-c4"/>
            <object_component_ref idref="oc-c6"/>
            <object_component_ref idref="oc-c9"/>
            <object_component_ref idref="oc-ce"/>
            <object_component_ref idref="oc-d5"/>
            <object_component_ref idref="oc-d9"/>
            <object_component_ref idref="oc-e0"/>
            <object_component_ref idref="oc-e8"/>
            <object_component_ref idref="oc-f0"/>
            <object_component_ref idref="oc-f4"/>
            <object_component_ref idref="oc-f7"/>
            <object_component_ref idref="oc-fa"/>
            <object_component_ref idref="oc-fe"/>
            <object_component_ref idref="oc-100"/>
            <object_component_ref idref="oc-102"/>
            <object_component_ref idref="oc-104"/>
         </contents>
      </logical_group>
      <logical_group id="lg-115" display="never" color="cyan">
         <name>.debug_aranges</name>
         <load_address>0x0</load_address>
         <run_address>0x0</run_address>
         <size>0x2b0</size>
         <contents>
            <object_component_ref idref="oc-13"/>
            <object_component_ref idref="oc-18"/>
            <object_component_ref idref="oc-22"/>
            <object_component_ref idref="oc-28"/>
            <object_component_ref idref="oc-2d"/>
            <object_component_ref idref="oc-32"/>
            <object_component_ref idref="oc-37"/>
            <object_component_ref idref="oc-3e"/>
            <object_component_ref idref="oc-43"/>
            <object_component_ref idref="oc-48"/>
            <object_component_ref idref="oc-4f"/>
            <object_component_ref idref="oc-62"/>
            <object_component_ref idref="oc-79"/>
            <object_component_ref idref="oc-7f"/>
            <object_component_ref idref="oc-a2"/>
            <object_component_ref idref="oc-a7"/>
            <object_component_ref idref="oc-bd"/>
            <object_component_ref idref="oc-d0"/>
            <object_component_ref idref="oc-d7"/>
            <object_component_ref idref="oc-db"/>
         </contents>
      </logical_group>
      <logical_group id="lg-117" display="never" color="cyan">
         <name>.debug_frame</name>
         <load_address>0x0</load_address>
         <run_address>0x0</run_address>
         <size>0x9f1</size>
         <contents>
            <object_component_ref idref="oc-17"/>
            <object_component_ref idref="oc-21"/>
            <object_component_ref idref="oc-27"/>
            <object_component_ref idref="oc-2c"/>
            <object_component_ref idref="oc-31"/>
            <object_component_ref idref="oc-36"/>
            <object_component_ref idref="oc-42"/>
            <object_component_ref idref="oc-47"/>
            <object_component_ref idref="oc-61"/>
            <object_component_ref idref="oc-78"/>
            <object_component_ref idref="oc-7e"/>
            <object_component_ref idref="oc-a1"/>
            <object_component_ref idref="oc-a6"/>
            <object_component_ref idref="oc-a9"/>
            <object_component_ref idref="oc-af"/>
            <object_component_ref idref="oc-bc"/>
            <object_component_ref idref="oc-cf"/>
            <object_component_ref idref="oc-d6"/>
         </contents>
      </logical_group>
      <logical_group id="lg-119" display="never" color="cyan">
         <name>.debug_abbrev</name>
         <load_address>0x0</load_address>
         <run_address>0x0</run_address>
         <size>0x106b</size>
         <contents>
            <object_component_ref idref="oc-38"/>
            <object_component_ref idref="oc-4b"/>
            <object_component_ref idref="oc-50"/>
            <object_component_ref idref="oc-52"/>
            <object_component_ref idref="oc-63"/>
            <object_component_ref idref="oc-66"/>
            <object_component_ref idref="oc-6a"/>
            <object_component_ref idref="oc-6b"/>
            <object_component_ref idref="oc-6c"/>
            <object_component_ref idref="oc-6d"/>
            <object_component_ref idref="oc-6e"/>
            <object_component_ref idref="oc-71"/>
            <object_component_ref idref="oc-7a"/>
            <object_component_ref idref="oc-80"/>
            <object_component_ref idref="oc-86"/>
            <object_component_ref idref="oc-88"/>
            <object_component_ref idref="oc-8a"/>
            <object_component_ref idref="oc-8c"/>
            <object_component_ref idref="oc-90"/>
            <object_component_ref idref="oc-93"/>
            <object_component_ref idref="oc-99"/>
            <object_component_ref idref="oc-9a"/>
            <object_component_ref idref="oc-9c"/>
            <object_component_ref idref="oc-b1"/>
            <object_component_ref idref="oc-b2"/>
            <object_component_ref idref="oc-b5"/>
            <object_component_ref idref="oc-be"/>
            <object_component_ref idref="oc-c1"/>
            <object_component_ref idref="oc-c3"/>
            <object_component_ref idref="oc-c5"/>
            <object_component_ref idref="oc-c8"/>
            <object_component_ref idref="oc-d1"/>
            <object_component_ref idref="oc-dc"/>
            <object_component_ref idref="oc-dd"/>
            <object_component_ref idref="oc-df"/>
            <object_component_ref idref="oc-e5"/>
            <object_component_ref idref="oc-e6"/>
            <object_component_ref idref="oc-e7"/>
            <object_component_ref idref="oc-ee"/>
            <object_component_ref idref="oc-ef"/>
            <object_component_ref idref="oc-f1"/>
            <object_component_ref idref="oc-f2"/>
            <object_component_ref idref="oc-f3"/>
            <object_component_ref idref="oc-f6"/>
            <object_component_ref idref="oc-f9"/>
            <object_component_ref idref="oc-fd"/>
            <object_component_ref idref="oc-ff"/>
            <object_component_ref idref="oc-101"/>
            <object_component_ref idref="oc-103"/>
            <object_component_ref idref="oc-124"/>
         </contents>
      </logical_group>
      <logical_group id="lg-11b" display="never" color="cyan">
         <name>.debug_str</name>
         <load_address>0x0</load_address>
         <run_address>0x0</run_address>
         <size>0x701</size>
         <contents>
            <object_component_ref idref="oc-54"/>
            <object_component_ref idref="oc-68"/>
            <object_component_ref idref="oc-73"/>
            <object_component_ref idref="oc-8e"/>
            <object_component_ref idref="oc-95"/>
            <object_component_ref idref="oc-b7"/>
            <object_component_ref idref="oc-ca"/>
            <object_component_ref idref="oc-e1"/>
            <object_component_ref idref="oc-f8"/>
         </contents>
      </logical_group>
      <logical_group id="lg-11d" display="never" color="cyan">
         <name>.debug_pubtypes</name>
         <load_address>0x0</load_address>
         <run_address>0x0</run_address>
         <size>0x211</size>
         <contents>
            <object_component_ref idref="oc-55"/>
            <object_component_ref idref="oc-69"/>
            <object_component_ref idref="oc-74"/>
            <object_component_ref idref="oc-8f"/>
            <object_component_ref idref="oc-96"/>
            <object_component_ref idref="oc-b8"/>
            <object_component_ref idref="oc-cb"/>
         </contents>
      </logical_group>
      <load_segment id="lg-126" display="no" color="cyan">
         <name>SEGMENT_0</name>
         <load_address>0x0</load_address>
         <run_address>0x0</run_address>
         <size>0xb98</size>
         <flags>0x5</flags>
         <contents>
            <logical_group_ref idref="lg-3"/>
            <logical_group_ref idref="lg-4"/>
            <logical_group_ref idref="lg-5"/>
            <logical_group_ref idref="lg-6"/>
         </contents>
      </load_segment>
      <load_segment id="lg-127" display="no" color="cyan">
         <name>SEGMENT_1</name>
         <run_address>0x20000000</run_address>
         <size>0x21c</size>
         <flags>0x6</flags>
         <contents>
            <logical_group_ref idref="lg-d"/>
            <logical_group_ref idref="lg-a"/>
         </contents>
      </load_segment>
   </logical_group_list>
   <placement_map>
      <memory_area display="yes" color="green">
         <name>FLASH</name>
         <page_id>0x0</page_id>
         <origin>0x0</origin>
         <length>0x40000</length>
         <used_space>0xb90</used_space>
         <unused_space>0x3f470</unused_space>
         <attributes>RX</attributes>
         <usage_details>
            <allocated_space>
               <start_address>0x0</start_address>
               <size>0x26c</size>
               <logical_group_ref idref="lg-3"/>
            </allocated_space>
            <allocated_space>
               <start_address>0x26c</start_address>
               <size>0x86a</size>
               <logical_group_ref idref="lg-4"/>
            </allocated_space>
            <available_space>
               <start_address>0xad6</start_address>
               <size>0x2</size>
            </available_space>
            <allocated_space>
               <start_address>0xad8</start_address>
               <size>0x9a</size>
               <logical_group_ref idref="lg-5"/>
            </allocated_space>
            <available_space>
               <start_address>0xb72</start_address>
               <size>0x6</size>
            </available_space>
            <allocated_space>
               <start_address>0xb78</start_address>
               <size>0x20</size>
               <logical_group_ref idref="lg-6"/>
            </allocated_space>
            <available_space>
               <start_address>0xb98</start_address>
               <size>0x3f468</size>
            </available_space>
         </usage_details>
      </memory_area>
      <memory_area display="yes" color="green">
         <name>SRAM</name>
         <page_id>0x0</page_id>
         <origin>0x20000000</origin>
         <length>0x8000</length>
         <used_space>0x21c</used_space>
         <unused_space>0x7de4</unused_space>
         <attributes>RWX</attributes>
         <usage_details>
            <allocated_space>
               <start_address>0x20000000</start_address>
               <size>0x200</size>
               <logical_group_ref idref="lg-d"/>
            </allocated_space>
            <allocated_space>
               <start_address>0x20000200</start_address>
               <size>0x1c</size>
               <logical_group_ref idref="lg-a"/>
            </allocated_space>
            <available_space>
               <start_address>0x2000021c</start_address>
               <size>0x7de4</size>
            </available_space>
         </usage_details>
      </memory_area>
   </placement_map>
   <cptbl_list>
      <cptbl>
         <name>__TI_cinit_table</name>
         <cprec>
            <name>.data</name>
            <load_address>0xb78</load_address>
            <load_size>0xf</load_size>
            <run_address>0x20000200</run_address>
            <run_size>0x1c</run_size>
            <compression>rle</compression>
         </cprec>
      </cptbl>
   </cptbl_list>
   <handler_table>
      <handler_table_name>__TI_handler_table</handler_table_name>
      <handler>
         <index>0x0</index>
         <name>__TI_decompress_rle24</name>
      </handler>
      <handler>
         <index>0x1</index>
         <name>__TI_decompress_none</name>
      </handler>
   </handler_table>
   <symbol_table>
      <symbol id="sm-1">
         <name>__STACK_TOP</name>
         <value>0x20000200</value>
      </symbol>
      <symbol id="sm-2">
         <name>__TI_CINIT_Base</name>
         <value>0xb90</value>
      </symbol>
      <symbol id="sm-3">
         <name>__TI_CINIT_Limit</name>
         <value>0xb98</value>
      </symbol>
      <symbol id="sm-4">
         <name>__TI_Handler_Table_Base</name>
         <value>0xb88</value>
      </symbol>
      <symbol id="sm-5">
         <name>__TI_Handler_Table_Limit</name>
         <value>0xb90</value>
      </symbol>
      <symbol id="sm-6">
         <name>binit</name>
         <value>0xffffffff</value>
      </symbol>
      <symbol id="sm-7">
         <name>__binit__</name>
         <value>0xffffffff</value>
      </symbol>
      <symbol id="sm-8">
         <name>__STACK_SIZE</name>
         <value>0x200</value>
      </symbol>
      <symbol id="sm-9">
         <name>__STACK_END</name>
         <value>0x20000200</value>
      </symbol>
      <symbol id="sm-a">
         <name>__c_args__</name>
         <value>0xffffffff</value>
      </symbol>
      <symbol id="sm-8a">
         <name>UARTStdioConfig</name>
         <value>0x845</value>
         <object_component_ref idref="oc-cc"/>
      </symbol>
      <symbol id="sm-8b">
         <name>UARTStdioInit</name>
         <value>0xa61</value>
         <object_component_ref idref="oc-9e"/>
      </symbol>
      <symbol id="sm-8c">
         <name>UARTwrite</name>
         <value>0x905</value>
         <object_component_ref idref="oc-d3"/>
      </symbol>
      <symbol id="sm-8d">
         <name>UARTprintf</name>
         <value>0x26d</value>
         <object_component_ref idref="oc-a3"/>
      </symbol>
      <symbol id="sm-b9">
         <name>ResetISR</name>
         <value>0xac5</value>
         <object_component_ref idref="oc-24"/>
      </symbol>
      <symbol id="sm-ba">
         <name>g_pfnVectors</name>
         <value>0x0</value>
         <object_component_ref idref="oc-e"/>
      </symbol>
      <symbol id="sm-ca">
         <name>main</name>
         <value>0x65d</value>
         <object_component_ref idref="oc-7b"/>
      </symbol>
      <symbol id="sm-d9">
         <name>_c_int00</name>
         <value>0x94d</value>
         <object_component_ref idref="oc-10"/>
      </symbol>
      <symbol id="sm-da">
         <name>__stack</name>
         <value>0x20000000</value>
         <object_component_ref idref="oc-23"/>
      </symbol>
      <symbol id="sm-f0">
         <name>__TI_decompress_none</name>
         <value>0xaad</value>
         <object_component_ref idref="oc-14"/>
      </symbol>
      <symbol id="sm-112">
         <name>__TI_decompress_rle24</name>
         <value>0xad1</value>
         <object_component_ref idref="oc-1e"/>
      </symbol>
      <symbol id="sm-134">
         <name>C$$EXIT</name>
         <value>0x9d9</value>
         <object_component_ref idref="oc-44"/>
      </symbol>
      <symbol id="sm-135">
         <name>abort</name>
         <value>0x9dd</value>
         <object_component_ref idref="oc-44"/>
      </symbol>
      <symbol id="sm-136">
         <name>exit</name>
         <value>0x9e5</value>
         <object_component_ref idref="oc-44"/>
      </symbol>
      <symbol id="sm-137">
         <name>__TI_dtors_ptr</name>
         <value>0x2000020c</value>
         <object_component_ref idref="oc-84"/>
      </symbol>
      <symbol id="sm-138">
         <name>__TI_cleanup_ptr</name>
         <value>0x20000208</value>
         <object_component_ref idref="oc-84"/>
      </symbol>
      <symbol id="sm-152">
         <name>memcpy</name>
         <value>0x715</value>
         <object_component_ref idref="oc-4c"/>
      </symbol>
      <symbol id="sm-153">
         <name>__aeabi_memcpy</name>
         <value>0x715</value>
         <object_component_ref idref="oc-4c"/>
      </symbol>
      <symbol id="sm-154">
         <name>__aeabi_memcpy8</name>
         <value>0x715</value>
         <object_component_ref idref="oc-4c"/>
      </symbol>
      <symbol id="sm-155">
         <name>__aeabi_memcpy4</name>
         <value>0x715</value>
         <object_component_ref idref="oc-4c"/>
      </symbol>
      <symbol id="sm-15c">
         <name>main_func_sp</name>
         <value>0x20000218</value>
         <object_component_ref idref="oc-49"/>
      </symbol>
      <symbol id="sm-16b">
         <name>__aeabi_uidivmod</name>
         <value>0xa1d</value>
         <object_component_ref idref="oc-d8"/>
      </symbol>
      <symbol id="sm-181">
         <name>_nop</name>
         <value>0xaa7</value>
         <object_component_ref idref="oc-b9"/>
      </symbol>
      <symbol id="sm-182">
         <name>_lock</name>
         <value>0x20000200</value>
         <object_component_ref idref="oc-82"/>
      </symbol>
      <symbol id="sm-183">
         <name>_unlock</name>
         <value>0x20000204</value>
         <object_component_ref idref="oc-82"/>
      </symbol>
      <symbol id="sm-184">
         <name>_register_lock</name>
         <value>0xa9f</value>
         <object_component_ref idref="oc-b9"/>
      </symbol>
      <symbol id="sm-185">
         <name>_register_unlock</name>
         <value>0xa99</value>
         <object_component_ref idref="oc-b9"/>
      </symbol>
      <symbol id="sm-198">
         <name>_args_main</name>
         <value>0xa81</value>
         <object_component_ref idref="oc-3f"/>
      </symbol>
      <symbol id="sm-1b4">
         <name>__TI_auto_init</name>
         <value>0x7b1</value>
         <object_component_ref idref="oc-3b"/>
      </symbol>
      <symbol id="sm-1cc">
         <name>copy_in</name>
         <value>0x995</value>
         <object_component_ref idref="oc-75"/>
      </symbol>
      <symbol id="sm-20d">
         <name>SysCtlDelay</name>
         <value>0xacb</value>
         <object_component_ref idref="oc-b0"/>
      </symbol>
      <symbol id="sm-20e">
         <name>SysCtlClockGet</name>
         <value>0x485</value>
         <object_component_ref idref="oc-ac"/>
      </symbol>
      <symbol id="sm-21a">
         <name>GPIOPinWrite</name>
         <value>0xabb</value>
         <object_component_ref idref="oc-a8"/>
      </symbol>
      <symbol id="sm-21c">
         <name>__TI_static_base__</name>
         <value>0x0</value>
      </symbol>
      <symbol id="sm-21d">
         <name>__TI_args_main</name>
         <value>0x1</value>
      </symbol>
      <symbol id="sm-21e">
         <name>SHT$$INIT_ARRAY$$Limit</name>
         <value>0x0</value>
      </symbol>
      <symbol id="sm-21f">
         <name>SHT$$INIT_ARRAY$$Base</name>
         <value>0x0</value>
      </symbol>
   </symbol_table>
   <title>Link successful</title>
</link_info>
